../Core/Src/main.c:91:13:HAL_UART_RxCpltCallback	16	static
../Core/Src/main.c:132:5:main	16	static
../Core/Src/main.c:199:6:SystemClock_Config	72	static
../Core/Src/main.c:236:13:MX_I2C1_Init	8	static
../Core/Src/main.c:270:13:MX_I2C2_Init	8	static
../Core/Src/main.c:304:13:MX_USART1_UART_Init	8	static
../Core/Src/main.c:337:13:MX_GPIO_Init	16	static
../Core/Src/main.c:351:6:measure	24	static
../Core/Src/main.c:366:6:write_clcd	24	static
../Core/Src/main.c:394:6:send_uart	88	static
../Core/Src/main.c:406:6:Error_Handler	4	static,ignoring_inline_asm
