Archive member included to satisfy reference by file (symbol)

D:/cubeide/STM32CubeIDE_1.14.1/STM32CubeIDE/plugins/com.st.stm32cube.ide.mcu.externaltools.gnu-tools-for-stm32.11.3.rel1.win32_1.1.100.202309141235/tools/bin/../lib/gcc/arm-none-eabi/11.3.1/../../../../arm-none-eabi/lib/thumb/v7-m/nofp\libc_nano.a(libc_a-exit.o)
                              D:/cubeide/STM32CubeIDE_1.14.1/STM32CubeIDE/plugins/com.st.stm32cube.ide.mcu.externaltools.gnu-tools-for-stm32.11.3.rel1.win32_1.1.100.202309141235/tools/bin/../lib/gcc/arm-none-eabi/11.3.1/../../../../arm-none-eabi/lib/thumb/v7-m/nofp/crt0.o (exit)
D:/cubeide/STM32CubeIDE_1.14.1/STM32CubeIDE/plugins/com.st.stm32cube.ide.mcu.externaltools.gnu-tools-for-stm32.11.3.rel1.win32_1.1.100.202309141235/tools/bin/../lib/gcc/arm-none-eabi/11.3.1/../../../../arm-none-eabi/lib/thumb/v7-m/nofp\libc_nano.a(libc_a-nano-vfprintf_float.o)
                              (_printf_float)
D:/cubeide/STM32CubeIDE_1.14.1/STM32CubeIDE/plugins/com.st.stm32cube.ide.mcu.externaltools.gnu-tools-for-stm32.11.3.rel1.win32_1.1.100.202309141235/tools/bin/../lib/gcc/arm-none-eabi/11.3.1/../../../../arm-none-eabi/lib/thumb/v7-m/nofp\libc_nano.a(libc_a-nano-vfprintf_i.o)
                              D:/cubeide/STM32CubeIDE_1.14.1/STM32CubeIDE/plugins/com.st.stm32cube.ide.mcu.externaltools.gnu-tools-for-stm32.11.3.rel1.win32_1.1.100.202309141235/tools/bin/../lib/gcc/arm-none-eabi/11.3.1/../../../../arm-none-eabi/lib/thumb/v7-m/nofp\libc_nano.a(libc_a-nano-vfprintf_float.o) (_printf_common)
D:/cubeide/STM32CubeIDE_1.14.1/STM32CubeIDE/plugins/com.st.stm32cube.ide.mcu.externaltools.gnu-tools-for-stm32.11.3.rel1.win32_1.1.100.202309141235/tools/bin/../lib/gcc/arm-none-eabi/11.3.1/../../../../arm-none-eabi/lib/thumb/v7-m/nofp\libc_nano.a(libc_a-findfp.o)
                              D:/cubeide/STM32CubeIDE_1.14.1/STM32CubeIDE/plugins/com.st.stm32cube.ide.mcu.externaltools.gnu-tools-for-stm32.11.3.rel1.win32_1.1.100.202309141235/tools/bin/../lib/gcc/arm-none-eabi/11.3.1/../../../../arm-none-eabi/lib/thumb/v7-m/nofp\libc_nano.a(libc_a-exit.o) (__stdio_exit_handler)
D:/cubeide/STM32CubeIDE_1.14.1/STM32CubeIDE/plugins/com.st.stm32cube.ide.mcu.externaltools.gnu-tools-for-stm32.11.3.rel1.win32_1.1.100.202309141235/tools/bin/../lib/gcc/arm-none-eabi/11.3.1/../../../../arm-none-eabi/lib/thumb/v7-m/nofp\libc_nano.a(libc_a-fwalk.o)
                              D:/cubeide/STM32CubeIDE_1.14.1/STM32CubeIDE/plugins/com.st.stm32cube.ide.mcu.externaltools.gnu-tools-for-stm32.11.3.rel1.win32_1.1.100.202309141235/tools/bin/../lib/gcc/arm-none-eabi/11.3.1/../../../../arm-none-eabi/lib/thumb/v7-m/nofp\libc_nano.a(libc_a-findfp.o) (_fwalk_sglue)
D:/cubeide/STM32CubeIDE_1.14.1/STM32CubeIDE/plugins/com.st.stm32cube.ide.mcu.externaltools.gnu-tools-for-stm32.11.3.rel1.win32_1.1.100.202309141235/tools/bin/../lib/gcc/arm-none-eabi/11.3.1/../../../../arm-none-eabi/lib/thumb/v7-m/nofp\libc_nano.a(libc_a-puts.o)
                              ./Core/Src/main.o (puts)
D:/cubeide/STM32CubeIDE_1.14.1/STM32CubeIDE/plugins/com.st.stm32cube.ide.mcu.externaltools.gnu-tools-for-stm32.11.3.rel1.win32_1.1.100.202309141235/tools/bin/../lib/gcc/arm-none-eabi/11.3.1/../../../../arm-none-eabi/lib/thumb/v7-m/nofp\libc_nano.a(libc_a-sprintf.o)
                              ./Core/Src/main.o (sprintf)
D:/cubeide/STM32CubeIDE_1.14.1/STM32CubeIDE/plugins/com.st.stm32cube.ide.mcu.externaltools.gnu-tools-for-stm32.11.3.rel1.win32_1.1.100.202309141235/tools/bin/../lib/gcc/arm-none-eabi/11.3.1/../../../../arm-none-eabi/lib/thumb/v7-m/nofp\libc_nano.a(libc_a-stdio.o)
                              D:/cubeide/STM32CubeIDE_1.14.1/STM32CubeIDE/plugins/com.st.stm32cube.ide.mcu.externaltools.gnu-tools-for-stm32.11.3.rel1.win32_1.1.100.202309141235/tools/bin/../lib/gcc/arm-none-eabi/11.3.1/../../../../arm-none-eabi/lib/thumb/v7-m/nofp\libc_nano.a(libc_a-findfp.o) (__sread)
D:/cubeide/STM32CubeIDE_1.14.1/STM32CubeIDE/plugins/com.st.stm32cube.ide.mcu.externaltools.gnu-tools-for-stm32.11.3.rel1.win32_1.1.100.202309141235/tools/bin/../lib/gcc/arm-none-eabi/11.3.1/../../../../arm-none-eabi/lib/thumb/v7-m/nofp\libc_nano.a(libc_a-wbuf.o)
                              D:/cubeide/STM32CubeIDE_1.14.1/STM32CubeIDE/plugins/com.st.stm32cube.ide.mcu.externaltools.gnu-tools-for-stm32.11.3.rel1.win32_1.1.100.202309141235/tools/bin/../lib/gcc/arm-none-eabi/11.3.1/../../../../arm-none-eabi/lib/thumb/v7-m/nofp\libc_nano.a(libc_a-puts.o) (__swbuf_r)
D:/cubeide/STM32CubeIDE_1.14.1/STM32CubeIDE/plugins/com.st.stm32cube.ide.mcu.externaltools.gnu-tools-for-stm32.11.3.rel1.win32_1.1.100.202309141235/tools/bin/../lib/gcc/arm-none-eabi/11.3.1/../../../../arm-none-eabi/lib/thumb/v7-m/nofp\libc_nano.a(libc_a-wsetup.o)
[...]
Memory Configuration

Name             Origin             Length             Attributes
RAM              0x0000000020000000 0x0000000000005000 xrw
FLASH            0x0000000008000000 0x0000000000010000 xr
*default*        0x0000000000000000 0xffffffffffffffff

Linker script and memory map

LOAD D:/cubeide/STM32CubeIDE_1.14.1/STM32CubeIDE/plugins/com.st.stm32cube.ide.mcu.externaltools.gnu-tools-for-stm32.11.3.rel1.win32_1.1.100.202309141235/tools/bin/../lib/gcc/arm-none-eabi/11.3.1/thumb/v7-m/nofp/crti.o
LOAD D:/cubeide/STM32CubeIDE_1.14.1/STM32CubeIDE/plugins/com.st.stm32cube.ide.mcu.externaltools.gnu-tools-for-stm32.11.3.rel1.win32_1.1.100.202309141235/tools/bin/../lib/gcc/arm-none-eabi/11.3.1/thumb/v7-m/nofp/crtbegin.o
LOAD D:/cubeide/STM32CubeIDE_1.14.1/STM32CubeIDE/plugins/com.st.stm32cube.ide.mcu.externaltools.gnu-tools-for-stm32.11.3.rel1.win32_1.1.100.202309141235/tools/bin/../lib/gcc/arm-none-eabi/11.3.1/../../../../arm-none-eabi/lib/thumb/v7-m/nofp/crt0.o
LOAD ./Core/Src/CLCD_I2C.o
LOAD ./Core/Src/freertos.o
LOAD ./Core/Src/main.o
LOAD ./Core/Src/stm32f1xx_hal_msp.o
LOAD ./Core/Src/stm32f1xx_hal_timebase_tim.o
LOAD ./Core/Src/stm32f1xx_it.o
LOAD ./Core/Src/syscalls.o
LOAD ./Core/Src/sysmem.o
LOAD ./Core/Src/system_stm32f1xx.o
LOAD ./Core/Startup/startup_stm32f103c8tx.o
LOAD ./Drivers/STM32F1xx_HAL_Driver/Src/stm32f1xx_hal.o
LOAD ./Drivers/STM32F1xx_HAL_Driver/Src/stm32f1xx_hal_cortex.o
LOAD ./Drivers/STM32F1xx_HAL_Driver/Src/stm32f1xx_hal_dma.o
LOAD ./Drivers/STM32F1xx_HAL_Driver/Src/stm32f1xx_hal_exti.o
LOAD ./Drivers/STM32F1xx_HAL_Driver/Src/stm32f1xx_hal_flash.o
LOAD ./Drivers/STM32F1xx_HAL_Driver/Src/stm32f1xx_hal_flash_ex.o
LOAD ./Drivers/STM32F1xx_HAL_Driver/Src/stm32f1xx_hal_gpio.o
LOAD ./Drivers/STM32F1xx_HAL_Driver/Src/stm32f1xx_hal_gpio_ex.o
LOAD ./Drivers/STM32F1xx_HAL_Driver/Src/stm32f1xx_hal_i2c.o
LOAD ./Drivers/STM32F1xx_HAL_Driver/Src/stm32f1xx_hal_pwr.o
LOAD ./Drivers/STM32F1xx_HAL_Driver/Src/stm32f1xx_hal_rcc.o
LOAD ./Drivers/STM32F1xx_HAL_Driver/Src/stm32f1xx_hal_rcc_ex.o
LOAD ./Drivers/STM32F1xx_HAL_Driver/Src/stm32f1xx_hal_tim.o
LOAD ./Drivers/STM32F1xx_HAL_Driver/Src/stm32f1xx_hal_tim_ex.o
LOAD ./Drivers/STM32F1xx_HAL_Driver/Src/stm32f1xx_hal_uart.o
LOAD ./Middlewares/Third_Party/FreeRTOS/Source/CMSIS_RTOS_V2/cmsis_os2.o
LOAD ./Middlewares/Third_Party/FreeRTOS/Source/croutine.o
LOAD ./Middlewares/Third_Party/FreeRTOS/Source/event_groups.o
LOAD ./Middlewares/Third_Party/FreeRTOS/Source/list.o
LOAD ./Middlewares/Third_Party/FreeRTOS/Source/queue.o
LOAD ./Middlewares/Third_Party/FreeRTOS/Source/stream_buffer.o
LOAD ./Middlewares/Third_Party/FreeRTOS/Source/tasks.o
LOAD ./Middlewares/Third_Party/FreeRTOS/Source/timers.o
LOAD ./Middlewares/Third_Party/FreeRTOS/Source/portable/GCC/ARM_CM3/port.o
LOAD ./Middlewares/Third_Party/FreeRTOS/Source/portable/MemMang/heap_4.o
START GROUP
LOAD D:/cubeide/STM32CubeIDE_1.14.1/STM32CubeIDE/plugins/com.st.stm32cube.ide.mcu.externaltools.gnu-tools-for-stm32.11.3.rel1.win32_1.1.100.202309141235/tools/bin/../lib/gcc/arm-none-eabi/11.3.1/../../../../arm-none-eabi/lib/thumb/v7-m/nofp\libc_nano.a
LOAD D:/cubeide/STM32CubeIDE_1.14.1/STM32CubeIDE/plugins/com.st.stm32cube.ide.mcu.externaltools.gnu-tools-for-stm32.11.3.rel1.win32_1.1.100.202309141235/tools/bin/../lib/gcc/arm-none-eabi/11.3.1/../../../../arm-none-eabi/lib/thumb/v7-m/nofp\libm.a
END GROUP
START GROUP
LOAD D:/cubeide/STM32CubeIDE_1.14.1/STM32CubeIDE/plugins/com.st.stm32cube.ide.mcu.externaltools.gnu-tools-for-stm32.11.3.rel1.win32_1.1.100.202309141235/tools/bin/../lib/gcc/arm-none-eabi/11.3.1/thumb/v7-m/nofp\libgcc.a
LOAD D:/cubeide/STM32CubeIDE_1.14.1/STM32CubeIDE/plugins/com.st.stm32cube.ide.mcu.externaltools.gnu-tools-for-stm32.11.3.rel1.win32_1.1.100.202309141235/tools/bin/../lib/gcc/arm-none-eabi/11.3.1/../../../../arm-none-eabi/lib/thumb/v7-m/nofp\libc_nano.a
END GROUP
START GROUP
LOAD D:/cubeide/STM32CubeIDE_1.14.1/STM32CubeIDE/plugins/com.st.stm32cube.ide.mcu.externaltools.gnu-tools-for-stm32.11.3.rel1.win32_1.1.100.202309141235/tools/bin/../lib/gcc/arm-none-eabi/11.3.1/thumb/v7-m/nofp\libgcc.a
LOAD D:/cubeide/STM32CubeIDE_1.14.1/STM32CubeIDE/plugins/com.st.stm32cube.ide.mcu.externaltools.gnu-tools-for-stm32.11.3.rel1.win32_1.1.100.202309141235/tools/bin/../lib/gcc/arm-none-eabi/11.3.1/../../../../arm-none-eabi/lib/thumb/v7-m/nofp\libc_nano.a
LOAD D:/cubeide/STM32CubeIDE_1.14.1/STM32CubeIDE/plugins/com.st.stm32cube.ide.mcu.externaltools.gnu-tools-for-stm32.11.3.rel1.win32_1.1.100.202309141235/tools/bin/../lib/gcc/arm-none-eabi/11.3.1/../../../../arm-none-eabi/lib/thumb/v7-m/nofp\libnosys.a
END GROUP
START GROUP
LOAD D:/cubeide/STM32CubeIDE_1.14.1/STM32CubeIDE/plugins/com.st.stm32cube.ide.mcu.externaltools.gnu-tools-for-stm32.11.3.rel1.win32_1.1.100.202309141235/tools/bin/../lib/gcc/arm-none-eabi/11.3.1/thumb/v7-m/nofp\libgcc.a
LOAD D:/cubeide/STM32CubeIDE_1.14.1/STM32CubeIDE/plugins/com.st.stm32cube.ide.mcu.externaltools.gnu-tools-for-stm32.11.3.rel1.win32_1.1.100.202309141235/tools/bin/../lib/gcc/arm-none-eabi/11.3.1/../../../../arm-none-eabi/lib/thumb/v7-m/nofp\libc_nano.a
LOAD D:/cubeide/STM32CubeIDE_1.14.1/STM32CubeIDE/plugins/com.st.stm32cube.ide.mcu.externaltools.gnu-tools-for-stm32.11.3.rel1.win32_1.1.100.202309141235/tools/bin/../lib/gcc/arm-none-eabi/11.3.1/../../../../arm-none-eabi/lib/thumb/v7-m/nofp\libnosys.a
END GROUP
LOAD D:/cubeide/STM32CubeIDE_1.14.1/STM32CubeIDE/plugins/com.st.stm32cube.ide.mcu.externaltools.gnu-tools-for-stm32.11.3.rel1.win32_1.1.100.202309141235/tools/bin/../lib/gcc/arm-none-eabi/11.3.1/thumb/v7-m/nofp/crtend.o
LOAD D:/cubeide/STM32CubeIDE_1.14.1/STM32CubeIDE/plugins/com.st.stm32cube.ide.mcu.externaltools.gnu-tools-for-stm32.11.3.rel1.win32_1.1.100.202309141235/tools/bin/../lib/gcc/arm-none-eabi/11.3.1/thumb/v7-m/nofp/crtn.o
                0x0000000020005000                _estack = (ORIGIN (RAM) + LENGTH (RAM))
                0x0000000000000200                _Min_Heap_Size = 0x200
                0x0000000000000400                _Min_Stack_Size = 0x400

.isr_vector     0x0000000008000000      0x10c
                0x0000000008000000                . = ALIGN (0x4)
 *(.isr_vector)
 .isr_vector    0x0000000008000000      0x10c ./Core/Startup/startup_stm32f103c8tx.o
                0x0000000008000000                g_pfnVectors
                0x000000000800010c                . = ALIGN (0x4)

.text           0x0000000008000110     0xb174
                0x0000000008000110                . = ALIGN (0x4)
 *(.text)
 .text          0x0000000008000110       0x40 D:/cubeide/STM32CubeIDE_1.14.1/STM32CubeIDE/plugins/com.st.stm32cube.ide.mcu.externaltools.gnu-tools-for-stm32.11.3.rel1.win32_1.1.100.202309141235/tools/bin/../lib/gcc/arm-none-eabi/11.3.1/thumb/v7-m/nofp/crtbegin.o
 .text          0x0000000008000150       0x10 D:/cubeide/STM32CubeIDE_1.14.1/STM32CubeIDE/plugins/com.st.stm32cube.ide.mcu.externaltools.gnu-tools-for-stm32.11.3.rel1.win32_1.1.100.202309141235/tools/bin/../lib/gcc/arm-none-eabi/11.3.1/../../../../arm-none-eabi/lib/thumb/v7-m/nofp\libc_nano.a(libc_a-strlen.o)
                0x0000000008000150                strlen
 .text          0x0000000008000160      0x378 D:/cubeide/STM32CubeIDE_1.14.1/STM32CubeIDE/plugins/com.st.stm32cube.ide.mcu.externaltools.gnu-tools-for-stm32.11.3.rel1.win32_1.1.100.202309141235/tools/bin/../lib/gcc/arm-none-eabi/11.3.1/thumb/v7-m/nofp\libgcc.a(_arm_addsubdf3.o)
                0x0000000008000160                __aeabi_drsub
                0x0000000008000168                __aeabi_dsub
                0x0000000008000168                __subdf3
                0x000000000800016c                __aeabi_dadd
                0x000000000800016c                __adddf3
                0x00000000080003e4                __floatunsidf
                0x00000000080003e4                __aeabi_ui2d
                0x0000000008000404                __floatsidf
                0x0000000008000404                __aeabi_i2d
                0x0000000008000428                __aeabi_f2d
                0x0000000008000428                __extendsfdf2
                0x000000000800046c                __floatundidf
                0x000000000800046c                __aeabi_ul2d
                0x000000000800047c                __floatdidf
                0x000000000800047c                __aeabi_l2d
 .text          0x00000000080004d8      0x424 D:/cubeide/STM32CubeIDE_1.14.1/STM32CubeIDE/plugins/com.st.stm32cube.ide.mcu.externaltools.gnu-tools-for-stm32.11.3.rel1.win32_1.1.100.202309141235/tools/bin/../lib/gcc/arm-none-eabi/11.3.1/thumb/v7-m/nofp\libgcc.a(_arm_muldivdf3.o)
                0x00000000080004d8                __aeabi_dmul
                0x00000000080004d8                __muldf3
                0x000000000800072c                __divdf3
                0x000000000800072c                __aeabi_ddiv
 .text          0x00000000080008fc      0x110 D:/cubeide/STM32CubeIDE_1.14.1/STM32CubeIDE/plugins/com.st.stm32cube.ide.mcu.externaltools.gnu-tools-for-stm32.11.3.rel1.win32_1.1.100.202309141235/tools/bin/../lib/gcc/arm-none-eabi/11.3.1/thumb/v7-m/nofp\libgcc.a(_arm_cmpdf2.o)
                0x00000000080008fc                __gtdf2
                0x00000000080008fc                __gedf2
                0x0000000008000904                __ltdf2
                0x0000000008000904                __ledf2
                0x000000000800090c                __nedf2
                0x000000000800090c                __eqdf2
                0x000000000800090c                __cmpdf2
                0x0000000008000988                __aeabi_cdrcmple
                0x0000000008000998                __aeabi_cdcmpeq
                0x0000000008000998                __aeabi_cdcmple
                0x00000000080009a8                __aeabi_dcmpeq
                0x00000000080009bc                __aeabi_dcmplt
                0x00000000080009d0                __aeabi_dcmple
                0x00000000080009e4                __aeabi_dcmpge
                0x00000000080009f8                __aeabi_dcmpgt
 .text          0x0000000008000a0c       0x2c D:/cubeide/STM32CubeIDE_1.14.1/STM32CubeIDE/plugins/com.st.stm32cube.ide.mcu.externaltools.gnu-tools-for-stm32.11.3.rel1.win32_1.1.100.202309141235/tools/bin/../lib/gcc/arm-none-eabi/11.3.1/thumb/v7-m/nofp\libgcc.a(_arm_unorddf2.o)
                0x0000000008000a0c                __unorddf2
                0x0000000008000a0c                __aeabi_dcmpun
 .text          0x0000000008000a38       0x50 D:/cubeide/STM32CubeIDE_1.14.1/STM32CubeIDE/plugins/com.st.stm32cube.ide.mcu.externaltools.gnu-tools-for-stm32.11.3.rel1.win32_1.1.100.202309141235/tools/bin/../lib/gcc/arm-none-eabi/11.3.1/thumb/v7-m/nofp\libgcc.a(_arm_fixdfsi.o)
                0x0000000008000a38                __aeabi_d2iz
                0x0000000008000a38                __fixdfsi
 .text          0x0000000008000a88      0x21c D:/cubeide/STM32CubeIDE_1.14.1/STM32CubeIDE/plugins/com.st.stm32cube.ide.mcu.externaltools.gnu-tools-for-stm32.11.3.rel1.win32_1.1.100.202309141235/tools/bin/../lib/gcc/arm-none-eabi/11.3.1/thumb/v7-m/nofp\libgcc.a(_arm_addsubsf3.o)
                0x0000000008000a88                __aeabi_frsub
                0x0000000008000a90                __subsf3
                0x0000000008000a90                __aeabi_fsub
                0x0000000008000a94                __aeabi_fadd
                0x0000000008000a94                __addsf3
                0x0000000008000bf4                __aeabi_ui2f
                0x0000000008000bf4                __floatunsisf
                0x0000000008000bfc                __aeabi_i2f
                0x0000000008000bfc                __floatsisf
                0x0000000008000c18                __aeabi_ul2f
                0x0000000008000c18                __floatundisf
                0x0000000008000c28                __aeabi_l2f
                0x0000000008000c28                __floatdisf
 .text          0x0000000008000ca4      0x2a0 D:/cubeide/STM32CubeIDE_1.14.1/STM32CubeIDE/plugins/com.st.stm32cube.ide.mcu.externaltools.gnu-tools-for-stm32.11.3.rel1.win32_1.1.100.202309141235/tools/bin/../lib/gcc/arm-none-eabi/11.3.1/thumb/v7-m/nofp\libgcc.a(_arm_muldivsf3.o)
                0x0000000008000ca4                __mulsf3
                0x0000000008000ca4                __aeabi_fmul
                0x0000000008000e0c                __aeabi_fdiv
                0x0000000008000e0c                __divsf3
 *(.text*)
 .text.CLCD_Delay
                0x0000000008000f44       0x1a ./Core/Src/CLCD_I2C.o
 .text.CLCD_WriteI2C
                0x0000000008000f5e       0xae ./Core/Src/CLCD_I2C.o
 .text.CLCD_I2C_Init
                0x000000000800100c       0xe0 ./Core/Src/CLCD_I2C.o
                0x000000000800100c                CLCD_I2C_Init
 .text.CLCD_I2C_SetCursor
                0x00000000080010ec       0x86 ./Core/Src/CLCD_I2C.o
                0x00000000080010ec                CLCD_I2C_SetCursor
 .text.CLCD_I2C_WriteChar
                0x0000000008001172       0x20 ./Core/Src/CLCD_I2C.o
                0x0000000008001172                CLCD_I2C_WriteChar
 .text.CLCD_I2C_WriteString
                0x0000000008001192       0x2e ./Core/Src/CLCD_I2C.o
                0x0000000008001192                CLCD_I2C_WriteString
 .text.HAL_UART_RxCpltCallback
                0x00000000080011c0       0xd4 ./Core/Src/main.o
                0x00000000080011c0                HAL_UART_RxCpltCallback
 .text.main     0x0000000008001294       0xd4 ./Core/Src/main.o
                0x0000000008001294                main
 .text.SystemClock_Config
                0x0000000008001368       0x8a ./Core/Src/main.o
                0x0000000008001368                SystemClock_Config
 *fill*         0x00000000080013f2        0x2 
 .text.MX_I2C1_Init
                0x00000000080013f4       0x5c ./Core/Src/main.o
 .text.MX_I2C2_Init
                0x0000000008001450       0x5c ./Core/Src/main.o
 .text.MX_USART1_UART_Init
                0x00000000080014ac       0x54 ./Core/Src/main.o
 .text.MX_GPIO_Init
                0x0000000008001500       0x5c ./Core/Src/main.o
 .text.measure_task
                0x000000000800155c      0x178 ./Core/Src/main.o
                0x000000000800155c                measure_task
 .text.write_clcd_task
                0x00000000080016d4      0x15c ./Core/Src/main.o
                0x00000000080016d4                write_clcd_task
 .text.send_uart_task
                0x0000000008001830       0xd8 ./Core/Src/main.o
                0x0000000008001830                send_uart_task
 .text.HAL_TIM_PeriodElapsedCallback
                0x0000000008001908       0x24 ./Core/Src/main.o
                0x0000000008001908                HAL_TIM_PeriodElapsedCallback
 .text.Error_Handler
                0x000000000800192c        0xa ./Core/Src/main.o
                0x000000000800192c                Error_Handler
 *fill*         0x0000000008001936        0x2 
 .text.HAL_MspInit
                0x0000000008001938       0x70 ./Core/Src/stm32f1xx_hal_msp.o
                0x0000000008001938                HAL_MspInit
 .text.HAL_I2C_MspInit
                0x00000000080019a8       0xd8 ./Core/Src/stm32f1xx_hal_msp.o
                0x00000000080019a8                HAL_I2C_MspInit
 .text.HAL_UART_MspInit
                0x0000000008001a80       0xa8 ./Core/Src/stm32f1xx_hal_msp.o
                0x0000000008001a80                HAL_UART_MspInit
 .text.HAL_InitTick
                0x0000000008001b28       0xe4 ./Core/Src/stm32f1xx_hal_timebase_tim.o
                0x0000000008001b28                HAL_InitTick
 .text.NMI_Handler
                0x0000000008001c0c        0x6 ./Core/Src/stm32f1xx_it.o
                0x0000000008001c0c                NMI_Handler
 .text.HardFault_Handler
                0x0000000008001c12        0x6 ./Core/Src/stm32f1xx_it.o
                0x0000000008001c12                HardFault_Handler
 .text.MemManage_Handler
                0x0000000008001c18        0x6 ./Core/Src/stm32f1xx_it.o
                0x0000000008001c18                MemManage_Handler
 .text.BusFault_Handler
                0x0000000008001c1e        0x6 ./Core/Src/stm32f1xx_it.o
                0x0000000008001c1e                BusFault_Handler
 .text.UsageFault_Handler
                0x0000000008001c24        0x6 ./Core/Src/stm32f1xx_it.o
                0x0000000008001c24                UsageFault_Handler
 .text.DebugMon_Handler
                0x0000000008001c2a        0xc ./Core/Src/stm32f1xx_it.o
                0x0000000008001c2a                DebugMon_Handler
 *fill*         0x0000000008001c36        0x2 
 .text.TIM1_UP_IRQHandler
                0x0000000008001c38       0x14 ./Core/Src/stm32f1xx_it.o
                0x0000000008001c38                TIM1_UP_IRQHandler
 .text.USART1_IRQHandler
                0x0000000008001c4c       0x14 ./Core/Src/stm32f1xx_it.o
                0x0000000008001c4c                USART1_IRQHandler
 .text._getpid  0x0000000008001c60        0xe ./Core/Src/syscalls.o
                0x0000000008001c60                _getpid
 .text._kill    0x0000000008001c6e       0x20 ./Core/Src/syscalls.o
                0x0000000008001c6e                _kill
 .text._exit    0x0000000008001c8e       0x14 ./Core/Src/syscalls.o
                0x0000000008001c8e                _exit
 .text._read    0x0000000008001ca2       0x3a ./Core/Src/syscalls.o
                0x0000000008001ca2                _read
 .text._write   0x0000000008001cdc       0x38 ./Core/Src/syscalls.o
                0x0000000008001cdc                _write
 .text._close   0x0000000008001d14       0x16 ./Core/Src/syscalls.o
                0x0000000008001d14                _close
 .text._fstat   0x0000000008001d2a       0x1e ./Core/Src/syscalls.o
                0x0000000008001d2a                _fstat
 .text._isatty  0x0000000008001d48       0x14 ./Core/Src/syscalls.o
                0x0000000008001d48                _isatty
 .text._lseek   0x0000000008001d5c       0x18 ./Core/Src/syscalls.o
                0x0000000008001d5c                _lseek
 .text._sbrk    0x0000000008001d74       0x6c ./Core/Src/sysmem.o
                0x0000000008001d74                _sbrk
 .text.SystemInit
                0x0000000008001de0        0xc ./Core/Src/system_stm32f1xx.o
                0x0000000008001de0                SystemInit
 .text.Reset_Handler
                0x0000000008001dec       0x48 ./Core/Startup/startup_stm32f103c8tx.o
                0x0000000008001dec                Reset_Handler
 .text.Default_Handler
                0x0000000008001e34        0x2 ./Core/Startup/startup_stm32f103c8tx.o
                0x0000000008001e34                RTC_Alarm_IRQHandler
                0x0000000008001e34                EXTI2_IRQHandler
                0x0000000008001e34                TIM1_CC_IRQHandler
                0x0000000008001e34                PVD_IRQHandler
                0x0000000008001e34                EXTI3_IRQHandler
                0x0000000008001e34                EXTI0_IRQHandler
                0x0000000008001e34                I2C2_EV_IRQHandler
                0x0000000008001e34                ADC1_2_IRQHandler
                0x0000000008001e34                SPI1_IRQHandler
                0x0000000008001e34                TAMPER_IRQHandler
                0x0000000008001e34                DMA1_Channel4_IRQHandler
                0x0000000008001e34                USART3_IRQHandler
                0x0000000008001e34                RTC_IRQHandler
                0x0000000008001e34                DMA1_Channel7_IRQHandler
                0x0000000008001e34                CAN1_RX1_IRQHandler
                0x0000000008001e34                TIM4_IRQHandler
                0x0000000008001e34                I2C1_EV_IRQHandler
                0x0000000008001e34                DMA1_Channel6_IRQHandler
                0x0000000008001e34                TIM3_IRQHandler
                0x0000000008001e34                RCC_IRQHandler
                0x0000000008001e34                TIM1_TRG_COM_IRQHandler
                0x0000000008001e34                DMA1_Channel1_IRQHandler
                0x0000000008001e34                Default_Handler
                0x0000000008001e34                EXTI15_10_IRQHandler
                0x0000000008001e34                EXTI9_5_IRQHandler
                0x0000000008001e34                SPI2_IRQHandler
                0x0000000008001e34                DMA1_Channel5_IRQHandler
                0x0000000008001e34                EXTI4_IRQHandler
                0x0000000008001e34                USB_LP_CAN1_RX0_IRQHandler
                0x0000000008001e34                USB_HP_CAN1_TX_IRQHandler
                0x0000000008001e34                DMA1_Channel3_IRQHandler
                0x0000000008001e34                WWDG_IRQHandler
                0x0000000008001e34                TIM2_IRQHandler
                0x0000000008001e34                TIM1_BRK_IRQHandler
                0x0000000008001e34                EXTI1_IRQHandler
                0x0000000008001e34                USART2_IRQHandler
                0x0000000008001e34                I2C2_ER_IRQHandler
                0x0000000008001e34                DMA1_Channel2_IRQHandler
                0x0000000008001e34                CAN1_SCE_IRQHandler
                0x0000000008001e34                FLASH_IRQHandler
                0x0000000008001e34                I2C1_ER_IRQHandler
                0x0000000008001e34                USBWakeUp_IRQHandler
 *fill*         0x0000000008001e36        0x2 
 .text.HAL_Init
                0x0000000008001e38       0x2c ./Drivers/STM32F1xx_HAL_Driver/Src/stm32f1xx_hal.o
                0x0000000008001e38                HAL_Init
 .text.HAL_IncTick
                0x0000000008001e64       0x24 ./Drivers/STM32F1xx_HAL_Driver/Src/stm32f1xx_hal.o
                0x0000000008001e64                HAL_IncTick
 .text.HAL_GetTick
                0x0000000008001e88       0x14 ./Drivers/STM32F1xx_HAL_Driver/Src/stm32f1xx_hal.o
                0x0000000008001e88                HAL_GetTick
 .text.HAL_Delay
                0x0000000008001e9c       0x48 ./Drivers/STM32F1xx_HAL_Driver/Src/stm32f1xx_hal.o
                0x0000000008001e9c                HAL_Delay
 .text.__NVIC_SetPriorityGrouping
                0x0000000008001ee4       0x48 ./Drivers/STM32F1xx_HAL_Driver/Src/stm32f1xx_hal_cortex.o
 .text.__NVIC_GetPriorityGrouping
                0x0000000008001f2c       0x1c ./Drivers/STM32F1xx_HAL_Driver/Src/stm32f1xx_hal_cortex.o
 .text.__NVIC_EnableIRQ
                0x0000000008001f48       0x38 ./Drivers/STM32F1xx_HAL_Driver/Src/stm32f1xx_hal_cortex.o
 .text.__NVIC_SetPriority
                0x0000000008001f80       0x54 ./Drivers/STM32F1xx_HAL_Driver/Src/stm32f1xx_hal_cortex.o
 .text.NVIC_EncodePriority
                0x0000000008001fd4       0x64 ./Drivers/STM32F1xx_HAL_Driver/Src/stm32f1xx_hal_cortex.o
 .text.HAL_NVIC_SetPriorityGrouping
                0x0000000008002038       0x16 ./Drivers/STM32F1xx_HAL_Driver/Src/stm32f1xx_hal_cortex.o
                0x0000000008002038                HAL_NVIC_SetPriorityGrouping
 .text.HAL_NVIC_SetPriority
                0x000000000800204e       0x38 ./Drivers/STM32F1xx_HAL_Driver/Src/stm32f1xx_hal_cortex.o
                0x000000000800204e                HAL_NVIC_SetPriority
 .text.HAL_NVIC_EnableIRQ
                0x0000000008002086       0x1c ./Drivers/STM32F1xx_HAL_Driver/Src/stm32f1xx_hal_cortex.o
                0x0000000008002086                HAL_NVIC_EnableIRQ
 .text.HAL_DMA_Abort
                0x00000000080020a2       0x76 ./Drivers/STM32F1xx_HAL_Driver/Src/stm32f1xx_hal_dma.o
                0x00000000080020a2                HAL_DMA_Abort
 .text.HAL_DMA_Abort_IT
                0x0000000008002118       0xf0 ./Drivers/STM32F1xx_HAL_Driver/Src/stm32f1xx_hal_dma.o
                0x0000000008002118                HAL_DMA_Abort_IT
 .text.HAL_GPIO_Init
                0x0000000008002208      0x308 ./Drivers/STM32F1xx_HAL_Driver/Src/stm32f1xx_hal_gpio.o
                0x0000000008002208                HAL_GPIO_Init
 .text.HAL_I2C_Init
                0x0000000008002510      0x288 ./Drivers/STM32F1xx_HAL_Driver/Src/stm32f1xx_hal_i2c.o
                0x0000000008002510                HAL_I2C_Init
 .text.HAL_I2C_Master_Transmit
                0x0000000008002798      0x1fc ./Drivers/STM32F1xx_HAL_Driver/Src/stm32f1xx_hal_i2c.o
                0x0000000008002798                HAL_I2C_Master_Transmit
 .text.HAL_I2C_Master_Receive
                0x0000000008002994      0x4d8 ./Drivers/STM32F1xx_HAL_Driver/Src/stm32f1xx_hal_i2c.o
                0x0000000008002994                HAL_I2C_Master_Receive
 .text.I2C_MasterRequestWrite
                0x0000000008002e6c      0x104 ./Drivers/STM32F1xx_HAL_Driver/Src/stm32f1xx_hal_i2c.o
 .text.I2C_MasterRequestRead
                0x0000000008002f70      0x19c ./Drivers/STM32F1xx_HAL_Driver/Src/stm32f1xx_hal_i2c.o
 .text.I2C_WaitOnFlagUntilTimeout
                0x000000000800310c       0xf4 ./Drivers/STM32F1xx_HAL_Driver/Src/stm32f1xx_hal_i2c.o
 .text.I2C_WaitOnMasterAddressFlagUntilTimeout
                0x0000000008003200      0x140 ./Drivers/STM32F1xx_HAL_Driver/Src/stm32f1xx_hal_i2c.o
 .text.I2C_WaitOnTXEFlagUntilTimeout
                0x0000000008003340       0x90 ./Drivers/STM32F1xx_HAL_Driver/Src/stm32f1xx_hal_i2c.o
 .text.I2C_WaitOnBTFFlagUntilTimeout
                0x00000000080033d0       0x90 ./Drivers/STM32F1xx_HAL_Driver/Src/stm32f1xx_hal_i2c.o
 .text.I2C_WaitOnRXNEFlagUntilTimeout
                0x0000000008003460       0xba ./Drivers/STM32F1xx_HAL_Driver/Src/stm32f1xx_hal_i2c.o
 .text.I2C_IsAcknowledgeFailed
                0x000000000800351a       0x5c ./Drivers/STM32F1xx_HAL_Driver/Src/stm32f1xx_hal_i2c.o
 *fill*         0x0000000008003576        0x2 
 .text.HAL_RCC_OscConfig
                0x0000000008003578      0x504 ./Drivers/STM32F1xx_HAL_Driver/Src/stm32f1xx_hal_rcc.o
                0x0000000008003578                HAL_RCC_OscConfig
 .text.HAL_RCC_ClockConfig
                0x0000000008003a7c      0x1d4 ./Drivers/STM32F1xx_HAL_Driver/Src/stm32f1xx_hal_rcc.o
                0x0000000008003a7c                HAL_RCC_ClockConfig
 .text.HAL_RCC_GetSysClockFreq
                0x0000000008003c50       0xa8 ./Drivers/STM32F1xx_HAL_Driver/Src/stm32f1xx_hal_rcc.o
                0x0000000008003c50                HAL_RCC_GetSysClockFreq
 .text.HAL_RCC_GetHCLKFreq
                0x0000000008003cf8       0x14 ./Drivers/STM32F1xx_HAL_Driver/Src/stm32f1xx_hal_rcc.o
                0x0000000008003cf8                HAL_RCC_GetHCLKFreq
 .text.HAL_RCC_GetPCLK1Freq
                0x0000000008003d0c       0x28 ./Drivers/STM32F1xx_HAL_Driver/Src/stm32f1xx_hal_rcc.o
                0x0000000008003d0c                HAL_RCC_GetPCLK1Freq
 .text.HAL_RCC_GetPCLK2Freq
                0x0000000008003d34       0x28 ./Drivers/STM32F1xx_HAL_Driver/Src/stm32f1xx_hal_rcc.o
                0x0000000008003d34                HAL_RCC_GetPCLK2Freq
 .text.HAL_RCC_GetClockConfig
                0x0000000008003d5c       0x60 ./Drivers/STM32F1xx_HAL_Driver/Src/stm32f1xx_hal_rcc.o
                0x0000000008003d5c                HAL_RCC_GetClockConfig
 .text.RCC_Delay
                0x0000000008003dbc       0x3c ./Drivers/STM32F1xx_HAL_Driver/Src/stm32f1xx_hal_rcc.o
 .text.HAL_TIM_Base_Init
                0x0000000008003df8       0x9e ./Drivers/STM32F1xx_HAL_Driver/Src/stm32f1xx_hal_tim.o
                0x0000000008003df8                HAL_TIM_Base_Init
 .text.HAL_TIM_Base_MspInit
                0x0000000008003e96       0x12 ./Drivers/STM32F1xx_HAL_Driver/Src/stm32f1xx_hal_tim.o
                0x0000000008003e96                HAL_TIM_Base_MspInit
 .text.HAL_TIM_Base_Start_IT
                0x0000000008003ea8       0xa4 ./Drivers/STM32F1xx_HAL_Driver/Src/stm32f1xx_hal_tim.o
                0x0000000008003ea8                HAL_TIM_Base_Start_IT
 .text.HAL_TIM_IRQHandler
                0x0000000008003f4c      0x1e0 ./Drivers/STM32F1xx_HAL_Driver/Src/stm32f1xx_hal_tim.o
                0x0000000008003f4c                HAL_TIM_IRQHandler
 .text.HAL_TIM_OC_DelayElapsedCallback
                0x000000000800412c       0x12 ./Drivers/STM32F1xx_HAL_Driver/Src/stm32f1xx_hal_tim.o
                0x000000000800412c                HAL_TIM_OC_DelayElapsedCallback
 .text.HAL_TIM_IC_CaptureCallback
                0x000000000800413e       0x12 ./Drivers/STM32F1xx_HAL_Driver/Src/stm32f1xx_hal_tim.o
                0x000000000800413e                HAL_TIM_IC_CaptureCallback
 .text.HAL_TIM_PWM_PulseFinishedCallback
                0x0000000008004150       0x12 ./Drivers/STM32F1xx_HAL_Driver/Src/stm32f1xx_hal_tim.o
                0x0000000008004150                HAL_TIM_PWM_PulseFinishedCallback
 .text.HAL_TIM_TriggerCallback
                0x0000000008004162       0x12 ./Drivers/STM32F1xx_HAL_Driver/Src/stm32f1xx_hal_tim.o
                0x0000000008004162                HAL_TIM_TriggerCallback
 .text.TIM_Base_SetConfig
                0x0000000008004174       0xdc ./Drivers/STM32F1xx_HAL_Driver/Src/stm32f1xx_hal_tim.o
                0x0000000008004174                TIM_Base_SetConfig
 .text.HAL_TIMEx_CommutCallback
                0x0000000008004250       0x12 ./Drivers/STM32F1xx_HAL_Driver/Src/stm32f1xx_hal_tim_ex.o
                0x0000000008004250                HAL_TIMEx_CommutCallback
 .text.HAL_TIMEx_BreakCallback
                0x0000000008004262       0x12 ./Drivers/STM32F1xx_HAL_Driver/Src/stm32f1xx_hal_tim_ex.o
                0x0000000008004262                HAL_TIMEx_BreakCallback
 .text.HAL_UART_Init
                0x0000000008004274       0xa0 ./Drivers/STM32F1xx_HAL_Driver/Src/stm32f1xx_hal_uart.o
                0x0000000008004274                HAL_UART_Init
 .text.HAL_UART_Transmit
                0x0000000008004314      0x116 ./Drivers/STM32F1xx_HAL_Driver/Src/stm32f1xx_hal_uart.o
                0x0000000008004314                HAL_UART_Transmit
 .text.HAL_UART_Receive_IT
                0x000000000800442a       0x4a ./Drivers/STM32F1xx_HAL_Driver/Src/stm32f1xx_hal_uart.o
                0x000000000800442a                HAL_UART_Receive_IT
 .text.HAL_UART_IRQHandler
                0x0000000008004474      0x524 ./Drivers/STM32F1xx_HAL_Driver/Src/stm32f1xx_hal_uart.o
                0x0000000008004474                HAL_UART_IRQHandler
 .text.HAL_UART_TxCpltCallback
                0x0000000008004998       0x12 ./Drivers/STM32F1xx_HAL_Driver/Src/stm32f1xx_hal_uart.o
                0x0000000008004998                HAL_UART_TxCpltCallback
 .text.HAL_UART_ErrorCallback
                0x00000000080049aa       0x12 ./Drivers/STM32F1xx_HAL_Driver/Src/stm32f1xx_hal_uart.o
                0x00000000080049aa                HAL_UART_ErrorCallback
 .text.HAL_UARTEx_RxEventCallback
                0x00000000080049bc       0x16 ./Drivers/STM32F1xx_HAL_Driver/Src/stm32f1xx_hal_uart.o
                0x00000000080049bc                HAL_UARTEx_RxEventCallback
 .text.UART_WaitOnFlagUntilTimeout
                0x00000000080049d2       0xb2 ./Drivers/STM32F1xx_HAL_Driver/Src/stm32f1xx_hal_uart.o
 .text.UART_Start_Receive_IT
                0x0000000008004a84       0x72 ./Drivers/STM32F1xx_HAL_Driver/Src/stm32f1xx_hal_uart.o
                0x0000000008004a84                UART_Start_Receive_IT
 .text.UART_EndRxTransfer
                0x0000000008004af6       0xc4 ./Drivers/STM32F1xx_HAL_Driver/Src/stm32f1xx_hal_uart.o
 .text.UART_DMAAbortOnError
                0x0000000008004bba       0x28 ./Drivers/STM32F1xx_HAL_Driver/Src/stm32f1xx_hal_uart.o
 .text.UART_Transmit_IT
                0x0000000008004be2       0x9e ./Drivers/STM32F1xx_HAL_Driver/Src/stm32f1xx_hal_uart.o
 .text.UART_EndTransmit_IT
                0x0000000008004c80       0x30 ./Drivers/STM32F1xx_HAL_Driver/Src/stm32f1xx_hal_uart.o
 .text.UART_Receive_IT
                0x0000000008004cb0      0x17c ./Drivers/STM32F1xx_HAL_Driver/Src/stm32f1xx_hal_uart.o
 .text.UART_SetConfig
                0x0000000008004e2c      0x11c ./Drivers/STM32F1xx_HAL_Driver/Src/stm32f1xx_hal_uart.o
 .text.__NVIC_SetPriority
                0x0000000008004f48       0x54 ./Middlewares/Third_Party/FreeRTOS/Source/CMSIS_RTOS_V2/cmsis_os2.o
 .text.SysTick_Handler
                0x0000000008004f9c       0x20 ./Middlewares/Third_Party/FreeRTOS/Source/CMSIS_RTOS_V2/cmsis_os2.o
                0x0000000008004f9c                SysTick_Handler
 .text.SVC_Setup
                0x0000000008004fbc       0x12 ./Middlewares/Third_Party/FreeRTOS/Source/CMSIS_RTOS_V2/cmsis_os2.o
 *fill*         0x0000000008004fce        0x2 
 .text.osKernelInitialize
                0x0000000008004fd0       0x44 ./Middlewares/Third_Party/FreeRTOS/Source/CMSIS_RTOS_V2/cmsis_os2.o
                0x0000000008004fd0                osKernelInitialize
 .text.osKernelStart
                0x0000000008005014       0x4c ./Middlewares/Third_Party/FreeRTOS/Source/CMSIS_RTOS_V2/cmsis_os2.o
                0x0000000008005014                osKernelStart
 .text.osThreadNew
                0x0000000008005060      0x124 ./Middlewares/Third_Party/FreeRTOS/Source/CMSIS_RTOS_V2/cmsis_os2.o
                0x0000000008005060                osThreadNew
 .text.osSemaphoreNew
                0x0000000008005184      0x112 ./Middlewares/Third_Party/FreeRTOS/Source/CMSIS_RTOS_V2/cmsis_os2.o
                0x0000000008005184                osSemaphoreNew
 *fill*         0x0000000008005296        0x2 
 .text.osSemaphoreAcquire
                0x0000000008005298       0xa4 ./Middlewares/Third_Party/FreeRTOS/Source/CMSIS_RTOS_V2/cmsis_os2.o
                0x0000000008005298                osSemaphoreAcquire
 .text.osSemaphoreRelease
                0x000000000800533c       0x88 ./Middlewares/Third_Party/FreeRTOS/Source/CMSIS_RTOS_V2/cmsis_os2.o
                0x000000000800533c                osSemaphoreRelease
 .text.vApplicationStackOverflowHook
                0x00000000080053c4       0x20 ./Middlewares/Third_Party/FreeRTOS/Source/CMSIS_RTOS_V2/cmsis_os2.o
                0x00000000080053c4                vApplicationStackOverflowHook
 .text.vApplicationGetIdleTaskMemory
                0x00000000080053e4       0x30 ./Middlewares/Third_Party/FreeRTOS/Source/CMSIS_RTOS_V2/cmsis_os2.o
                0x00000000080053e4                vApplicationGetIdleTaskMemory
 .text.vApplicationGetTimerTaskMemory
                0x0000000008005414       0x34 ./Middlewares/Third_Party/FreeRTOS/Source/CMSIS_RTOS_V2/cmsis_os2.o
                0x0000000008005414                vApplicationGetTimerTaskMemory
 .text.vListInitialise
                0x0000000008005448       0x3e ./Middlewares/Third_Party/FreeRTOS/Source/list.o
                0x0000000008005448                vListInitialise
 .text.vListInitialiseItem
                0x0000000008005486       0x18 ./Middlewares/Third_Party/FreeRTOS/Source/list.o
                0x0000000008005486                vListInitialiseItem
 .text.vListInsertEnd
                0x000000000800549e       0x46 ./Middlewares/Third_Party/FreeRTOS/Source/list.o
                0x000000000800549e                vListInsertEnd
 .text.vListInsert
                0x00000000080054e4       0x70 ./Middlewares/Third_Party/FreeRTOS/Source/list.o
                0x00000000080054e4                vListInsert
 .text.uxListRemove
                0x0000000008005554       0x52 ./Middlewares/Third_Party/FreeRTOS/Source/list.o
                0x0000000008005554                uxListRemove
 *fill*         0x00000000080055a6        0x2 
 .text.xQueueGenericReset
                0x00000000080055a8       0xd0 ./Middlewares/Third_Party/FreeRTOS/Source/queue.o
                0x00000000080055a8                xQueueGenericReset
 .text.xQueueGenericCreateStatic
                0x0000000008005678       0xf0 ./Middlewares/Third_Party/FreeRTOS/Source/queue.o
                0x0000000008005678                xQueueGenericCreateStatic
 .text.xQueueGenericCreate
                0x0000000008005768       0x74 ./Middlewares/Third_Party/FreeRTOS/Source/queue.o
                0x0000000008005768                xQueueGenericCreate
 .text.prvInitialiseNewQueue
                0x00000000080057dc       0x46 ./Middlewares/Third_Party/FreeRTOS/Source/queue.o
 .text.xQueueCreateCountingSemaphoreStatic
                0x0000000008005822       0x6e ./Middlewares/Third_Party/FreeRTOS/Source/queue.o
                0x0000000008005822                xQueueCreateCountingSemaphoreStatic
 .text.xQueueCreateCountingSemaphore
                0x0000000008005890       0x66 ./Middlewares/Third_Party/FreeRTOS/Source/queue.o
                0x0000000008005890                xQueueCreateCountingSemaphore
 *fill*         0x00000000080058f6        0x2 
 .text.xQueueGenericSend
                0x00000000080058f8      0x1fc ./Middlewares/Third_Party/FreeRTOS/Source/queue.o
                0x00000000080058f8                xQueueGenericSend
 .text.xQueueGenericSendFromISR
                0x0000000008005af4      0x136 ./Middlewares/Third_Party/FreeRTOS/Source/queue.o
                0x0000000008005af4                xQueueGenericSendFromISR
 .text.xQueueGiveFromISR
                0x0000000008005c2a      0x11a ./Middlewares/Third_Party/FreeRTOS/Source/queue.o
                0x0000000008005c2a                xQueueGiveFromISR
 .text.xQueueReceive
                0x0000000008005d44      0x1c0 ./Middlewares/Third_Party/FreeRTOS/Source/queue.o
                0x0000000008005d44                xQueueReceive
 .text.xQueueSemaphoreTake
                0x0000000008005f04      0x218 ./Middlewares/Third_Party/FreeRTOS/Source/queue.o
                0x0000000008005f04                xQueueSemaphoreTake
 .text.xQueueReceiveFromISR
                0x000000000800611c      0x100 ./Middlewares/Third_Party/FreeRTOS/Source/queue.o
                0x000000000800611c                xQueueReceiveFromISR
 .text.vQueueDelete
                0x000000000800621c       0x46 ./Middlewares/Third_Party/FreeRTOS/Source/queue.o
                0x000000000800621c                vQueueDelete
 .text.prvGetDisinheritPriorityAfterTimeout
                0x0000000008006262       0x2e ./Middlewares/Third_Party/FreeRTOS/Source/queue.o
 .text.prvCopyDataToQueue
                0x0000000008006290       0xd4 ./Middlewares/Third_Party/FreeRTOS/Source/queue.o
 .text.prvCopyDataFromQueue
                0x0000000008006364       0x4c ./Middlewares/Third_Party/FreeRTOS/Source/queue.o
 .text.prvUnlockQueue
                0x00000000080063b0       0xa4 ./Middlewares/Third_Party/FreeRTOS/Source/queue.o
 .text.prvIsQueueEmpty
                0x0000000008006454       0x2c ./Middlewares/Third_Party/FreeRTOS/Source/queue.o
 .text.prvIsQueueFull
                0x0000000008006480       0x30 ./Middlewares/Third_Party/FreeRTOS/Source/queue.o
 .text.vQueueAddToRegistry
                0x00000000080064b0       0x50 ./Middlewares/Third_Party/FreeRTOS/Source/queue.o
                0x00000000080064b0                vQueueAddToRegistry
 .text.vQueueUnregisterQueue
                0x0000000008006500       0x54 ./Middlewares/Third_Party/FreeRTOS/Source/queue.o
                0x0000000008006500                vQueueUnregisterQueue
 .text.vQueueWaitForMessageRestricted
                0x0000000008006554       0x68 ./Middlewares/Third_Party/FreeRTOS/Source/queue.o
                0x0000000008006554                vQueueWaitForMessageRestricted
 .text.xTaskCreateStatic
                0x00000000080065bc       0xba ./Middlewares/Third_Party/FreeRTOS/Source/tasks.o
                0x00000000080065bc                xTaskCreateStatic
 .text.xTaskCreate
                0x0000000008006676       0x8a ./Middlewares/Third_Party/FreeRTOS/Source/tasks.o
                0x0000000008006676                xTaskCreate
 .text.prvInitialiseNewTask
                0x0000000008006700      0x11e ./Middlewares/Third_Party/FreeRTOS/Source/tasks.o
 *fill*         0x000000000800681e        0x2 
 .text.prvAddNewTaskToReadyList
                0x0000000008006820       0xe0 ./Middlewares/Third_Party/FreeRTOS/Source/tasks.o
 .text.vTaskDelayUntil
                0x0000000008006900       0xfc ./Middlewares/Third_Party/FreeRTOS/Source/tasks.o
                0x0000000008006900                vTaskDelayUntil
 .text.vTaskStartScheduler
                0x00000000080069fc       0xcc ./Middlewares/Third_Party/FreeRTOS/Source/tasks.o
                0x00000000080069fc                vTaskStartScheduler
 .text.vTaskSuspendAll
                0x0000000008006ac8       0x1c ./Middlewares/Third_Party/FreeRTOS/Source/tasks.o
                0x0000000008006ac8                vTaskSuspendAll
 .text.xTaskResumeAll
                0x0000000008006ae4      0x13c ./Middlewares/Third_Party/FreeRTOS/Source/tasks.o
                0x0000000008006ae4                xTaskResumeAll
 .text.xTaskGetTickCount
                0x0000000008006c20       0x1c ./Middlewares/Third_Party/FreeRTOS/Source/tasks.o
                0x0000000008006c20                xTaskGetTickCount
 .text.xTaskIncrementTick
                0x0000000008006c3c      0x174 ./Middlewares/Third_Party/FreeRTOS/Source/tasks.o
                0x0000000008006c3c                xTaskIncrementTick
 .text.vTaskSwitchContext
                0x0000000008006db0      0x104 ./Middlewares/Third_Party/FreeRTOS/Source/tasks.o
                0x0000000008006db0                vTaskSwitchContext
 .text.vTaskPlaceOnEventList
                0x0000000008006eb4       0x48 ./Middlewares/Third_Party/FreeRTOS/Source/tasks.o
                0x0000000008006eb4                vTaskPlaceOnEventList
 .text.vTaskPlaceOnEventListRestricted
                0x0000000008006efc       0x58 ./Middlewares/Third_Party/FreeRTOS/Source/tasks.o
                0x0000000008006efc                vTaskPlaceOnEventListRestricted
 .text.xTaskRemoveFromEventList
                0x0000000008006f54       0xc8 ./Middlewares/Third_Party/FreeRTOS/Source/tasks.o
                0x0000000008006f54                xTaskRemoveFromEventList
 .text.vTaskInternalSetTimeOutState
                0x000000000800701c       0x2c ./Middlewares/Third_Party/FreeRTOS/Source/tasks.o
                0x000000000800701c                vTaskInternalSetTimeOutState
 .text.xTaskCheckForTimeOut
                0x0000000008007048       0xc4 ./Middlewares/Third_Party/FreeRTOS/Source/tasks.o
                0x0000000008007048                xTaskCheckForTimeOut
 .text.vTaskMissedYield
                0x000000000800710c       0x18 ./Middlewares/Third_Party/FreeRTOS/Source/tasks.o
                0x000000000800710c                vTaskMissedYield
 .text.prvIdleTask
                0x0000000008007124       0x30 ./Middlewares/Third_Party/FreeRTOS/Source/tasks.o
 .text.prvInitialiseTaskLists
                0x0000000008007154       0x80 ./Middlewares/Third_Party/FreeRTOS/Source/tasks.o
 .text.prvCheckTasksWaitingTermination
                0x00000000080071d4       0x5c ./Middlewares/Third_Party/FreeRTOS/Source/tasks.o
 .text.prvDeleteTCB
                0x0000000008007230       0x5e ./Middlewares/Third_Party/FreeRTOS/Source/tasks.o
 *fill*         0x000000000800728e        0x2 
 .text.prvResetNextTaskUnblockTime
                0x0000000008007290       0x40 ./Middlewares/Third_Party/FreeRTOS/Source/tasks.o
 .text.xTaskGetSchedulerState
                0x00000000080072d0       0x3c ./Middlewares/Third_Party/FreeRTOS/Source/tasks.o
                0x00000000080072d0                xTaskGetSchedulerState
 .text.xTaskPriorityInherit
                0x000000000800730c       0xd0 ./Middlewares/Third_Party/FreeRTOS/Source/tasks.o
                0x000000000800730c                xTaskPriorityInherit
 .text.xTaskPriorityDisinherit
                0x00000000080073dc       0xdc ./Middlewares/Third_Party/FreeRTOS/Source/tasks.o
                0x00000000080073dc                xTaskPriorityDisinherit
 .text.vTaskPriorityDisinheritAfterTimeout
                0x00000000080074b8      0x104 ./Middlewares/Third_Party/FreeRTOS/Source/tasks.o
                0x00000000080074b8                vTaskPriorityDisinheritAfterTimeout
 .text.pvTaskIncrementMutexHeldCount
                0x00000000080075bc       0x28 ./Middlewares/Third_Party/FreeRTOS/Source/tasks.o
                0x00000000080075bc                pvTaskIncrementMutexHeldCount
 .text.prvAddCurrentTaskToDelayedList
                0x00000000080075e4       0xa8 ./Middlewares/Third_Party/FreeRTOS/Source/tasks.o
 .text.xTimerCreateTimerTask
                0x000000000800768c       0x90 ./Middlewares/Third_Party/FreeRTOS/Source/timers.o
                0x000000000800768c                xTimerCreateTimerTask
 .text.xTimerGenericCommand
                0x000000000800771c       0x9c ./Middlewares/Third_Party/FreeRTOS/Source/timers.o
                0x000000000800771c                xTimerGenericCommand
 .text.prvProcessExpiredTimer
                0x00000000080077b8       0x98 ./Middlewares/Third_Party/FreeRTOS/Source/timers.o
 .text.prvTimerTask
                0x0000000008007850       0x24 ./Middlewares/Third_Party/FreeRTOS/Source/timers.o
 .text.prvProcessTimerOrBlockTask
                0x0000000008007874       0x9c ./Middlewares/Third_Party/FreeRTOS/Source/timers.o
 .text.prvGetNextExpireTime
                0x0000000008007910       0x44 ./Middlewares/Third_Party/FreeRTOS/Source/timers.o
 .text.prvSampleTimeNow
                0x0000000008007954       0x40 ./Middlewares/Third_Party/FreeRTOS/Source/timers.o
 .text.prvInsertTimerInActiveList
                0x0000000008007994       0x84 ./Middlewares/Third_Party/FreeRTOS/Source/timers.o
 .text.prvProcessReceivedCommands
                0x0000000008007a18      0x1c4 ./Middlewares/Third_Party/FreeRTOS/Source/timers.o
 .text.prvSwitchTimerLists
                0x0000000008007bdc       0xc8 ./Middlewares/Third_Party/FreeRTOS/Source/timers.o
 .text.prvCheckForValidListAndQueue
                0x0000000008007ca4       0x80 ./Middlewares/Third_Party/FreeRTOS/Source/timers.o
 .text.pxPortInitialiseStack
                0x0000000008007d24       0x58 ./Middlewares/Third_Party/FreeRTOS/Source/portable/GCC/ARM_CM3/port.o
                0x0000000008007d24                pxPortInitialiseStack
 .text.prvTaskExitError
                0x0000000008007d7c       0x58 ./Middlewares/Third_Party/FreeRTOS/Source/portable/GCC/ARM_CM3/port.o
 *fill*         0x0000000008007dd4        0xc 
 .text.SVC_Handler
                0x0000000008007de0       0x28 ./Middlewares/Third_Party/FreeRTOS/Source/portable/GCC/ARM_CM3/port.o
                0x0000000008007de0                SVC_Handler
 .text.prvPortStartFirstTask
                0x0000000008007e08       0x20 ./Middlewares/Third_Party/FreeRTOS/Source/portable/GCC/ARM_CM3/port.o
 .text.xPortStartScheduler
                0x0000000008007e28       0xe4 ./Middlewares/Third_Party/FreeRTOS/Source/portable/GCC/ARM_CM3/port.o
                0x0000000008007e28                xPortStartScheduler
 .text.vPortEnterCritical
                0x0000000008007f0c       0x60 ./Middlewares/Third_Party/FreeRTOS/Source/portable/GCC/ARM_CM3/port.o
                0x0000000008007f0c                vPortEnterCritical
 .text.vPortExitCritical
                0x0000000008007f6c       0x50 ./Middlewares/Third_Party/FreeRTOS/Source/portable/GCC/ARM_CM3/port.o
                0x0000000008007f6c                vPortExitCritical
 *fill*         0x0000000008007fbc        0x4 
 .text.PendSV_Handler
                0x0000000008007fc0       0x48 ./Middlewares/Third_Party/FreeRTOS/Source/portable/GCC/ARM_CM3/port.o
                0x0000000008007fc0                PendSV_Handler
 .text.xPortSysTickHandler
                0x0000000008008008       0x44 ./Middlewares/Third_Party/FreeRTOS/Source/portable/GCC/ARM_CM3/port.o
                0x0000000008008008                xPortSysTickHandler
 .text.vPortSetupTimerInterrupt
                0x000000000800804c       0x44 ./Middlewares/Third_Party/FreeRTOS/Source/portable/GCC/ARM_CM3/port.o
                0x000000000800804c                vPortSetupTimerInterrupt
 .text.vPortValidateInterruptPriority
                0x0000000008008090       0x7c ./Middlewares/Third_Party/FreeRTOS/Source/portable/GCC/ARM_CM3/port.o
                0x0000000008008090                vPortValidateInterruptPriority
 .text.pvPortMalloc
                0x000000000800810c      0x198 ./Middlewares/Third_Party/FreeRTOS/Source/portable/MemMang/heap_4.o
                0x000000000800810c                pvPortMalloc
 .text.vPortFree
                0x00000000080082a4       0xc4 ./Middlewares/Third_Party/FreeRTOS/Source/portable/MemMang/heap_4.o
                0x00000000080082a4                vPortFree
 .text.prvHeapInit
                0x0000000008008368       0xc4 ./Middlewares/Third_Party/FreeRTOS/Source/portable/MemMang/heap_4.o
 .text.prvInsertBlockIntoFreeList
                0x000000000800842c       0xb0 ./Middlewares/Third_Party/FreeRTOS/Source/portable/MemMang/heap_4.o
 .text.__cvt    0x00000000080084dc       0xbe D:/cubeide/STM32CubeIDE_1.14.1/STM32CubeIDE/plugins/com.st.stm32cube.ide.mcu.externaltools.gnu-tools-for-stm32.11.3.rel1.win32_1.1.100.202309141235/tools/bin/../lib/gcc/arm-none-eabi/11.3.1/../../../../arm-none-eabi/lib/thumb/v7-m/nofp\libc_nano.a(libc_a-nano-vfprintf_float.o)
                0x00000000080084dc                __cvt
 .text.__exponent
                0x000000000800859a       0x7a D:/cubeide/STM32CubeIDE_1.14.1/STM32CubeIDE/plugins/com.st.stm32cube.ide.mcu.externaltools.gnu-tools-for-stm32.11.3.rel1.win32_1.1.100.202309141235/tools/bin/../lib/gcc/arm-none-eabi/11.3.1/../../../../arm-none-eabi/lib/thumb/v7-m/nofp\libc_nano.a(libc_a-nano-vfprintf_float.o)
                0x000000000800859a                __exponent
 .text._printf_float
                0x0000000008008614      0x45c D:/cubeide/STM32CubeIDE_1.14.1/STM32CubeIDE/plugins/com.st.stm32cube.ide.mcu.externaltools.gnu-tools-for-stm32.11.3.rel1.win32_1.1.100.202309141235/tools/bin/../lib/gcc/arm-none-eabi/11.3.1/../../../../arm-none-eabi/lib/thumb/v7-m/nofp\libc_nano.a(libc_a-nano-vfprintf_float.o)
                0x0000000008008614                _printf_float
 .text._printf_common
                0x0000000008008a70       0xe4 D:/cubeide/STM32CubeIDE_1.14.1/STM32CubeIDE/plugins/com.st.stm32cube.ide.mcu.externaltools.gnu-tools-for-stm32.11.3.rel1.win32_1.1.100.202309141235/tools/bin/../lib/gcc/arm-none-eabi/11.3.1/../../../../arm-none-eabi/lib/thumb/v7-m/nofp\libc_nano.a(libc_a-nano-vfprintf_i.o)
                0x0000000008008a70                _printf_common
 .text._printf_i
                0x0000000008008b54      0x244 D:/cubeide/STM32CubeIDE_1.14.1/STM32CubeIDE/plugins/com.st.stm32cube.ide.mcu.externaltools.gnu-tools-for-stm32.11.3.rel1.win32_1.1.100.202309141235/tools/bin/../lib/gcc/arm-none-eabi/11.3.1/../../../../arm-none-eabi/lib/thumb/v7-m/nofp\libc_nano.a(libc_a-nano-vfprintf_i.o)
                0x0000000008008b54                _printf_i
 .text.std      0x0000000008008d98       0x6c D:/cubeide/STM32CubeIDE_1.14.1/STM32CubeIDE/plugins/com.st.stm32cube.ide.mcu.externaltools.gnu-tools-for-stm32.11.3.rel1.win32_1.1.100.202309141235/tools/bin/../lib/gcc/arm-none-eabi/11.3.1/../../../../arm-none-eabi/lib/thumb/v7-m/nofp\libc_nano.a(libc_a-findfp.o)
 .text.stdio_exit_handler
                0x0000000008008e04       0x18 D:/cubeide/STM32CubeIDE_1.14.1/STM32CubeIDE/plugins/com.st.stm32cube.ide.mcu.externaltools.gnu-tools-for-stm32.11.3.rel1.win32_1.1.100.202309141235/tools/bin/../lib/gcc/arm-none-eabi/11.3.1/../../../../arm-none-eabi/lib/thumb/v7-m/nofp\libc_nano.a(libc_a-findfp.o)
 .text.cleanup_stdio
                0x0000000008008e1c       0x40 D:/cubeide/STM32CubeIDE_1.14.1/STM32CubeIDE/plugins/com.st.stm32cube.ide.mcu.externaltools.gnu-tools-for-stm32.11.3.rel1.win32_1.1.100.202309141235/tools/bin/../lib/gcc/arm-none-eabi/11.3.1/../../../../arm-none-eabi/lib/thumb/v7-m/nofp\libc_nano.a(libc_a-findfp.o)
 .text.global_stdio_init.part.0
                0x0000000008008e5c       0x3c D:/cubeide/STM32CubeIDE_1.14.1/STM32CubeIDE/plugins/com.st.stm32cube.ide.mcu.externaltools.gnu-tools-for-stm32.11.3.rel1.win32_1.1.100.202309141235/tools/bin/../lib/gcc/arm-none-eabi/11.3.1/../../../../arm-none-eabi/lib/thumb/v7-m/nofp\libc_nano.a(libc_a-findfp.o)
 .text.__sfp_lock_acquire
                0x0000000008008e98        0xc D:/cubeide/STM32CubeIDE_1.14.1/STM32CubeIDE/plugins/com.st.stm32cube.ide.mcu.externaltools.gnu-tools-for-stm32.11.3.rel1.win32_1.1.100.202309141235/tools/bin/../lib/gcc/arm-none-eabi/11.3.1/../../../../arm-none-eabi/lib/thumb/v7-m/nofp\libc_nano.a(libc_a-findfp.o)
                0x0000000008008e98                __sfp_lock_acquire
 .text.__sfp_lock_release
                0x0000000008008ea4        0xc D:/cubeide/STM32CubeIDE_1.14.1/STM32CubeIDE/plugins/com.st.stm32cube.ide.mcu.externaltools.gnu-tools-for-stm32.11.3.rel1.win32_1.1.100.202309141235/tools/bin/../lib/gcc/arm-none-eabi/11.3.1/../../../../arm-none-eabi/lib/thumb/v7-m/nofp\libc_nano.a(libc_a-findfp.o)
                0x0000000008008ea4                __sfp_lock_release
 .text.__sinit  0x0000000008008eb0       0x30 D:/cubeide/STM32CubeIDE_1.14.1/STM32CubeIDE/plugins/com.st.stm32cube.ide.mcu.externaltools.gnu-tools-for-stm32.11.3.rel1.win32_1.1.100.202309141235/tools/bin/../lib/gcc/arm-none-eabi/11.3.1/../../../../arm-none-eabi/lib/thumb/v7-m/nofp\libc_nano.a(libc_a-findfp.o)
                0x0000000008008eb0                __sinit
 .text._fwalk_sglue
                0x0000000008008ee0       0x3c D:/cubeide/STM32CubeIDE_1.14.1/STM32CubeIDE/plugins/com.st.stm32cube.ide.mcu.externaltools.gnu-tools-for-stm32.11.3.rel1.win32_1.1.100.202309141235/tools/bin/../lib/gcc/arm-none-eabi/11.3.1/../../../../arm-none-eabi/lib/thumb/v7-m/nofp\libc_nano.a(libc_a-fwalk.o)
                0x0000000008008ee0                _fwalk_sglue
 .text._puts_r  0x0000000008008f1c       0xa8 D:/cubeide/STM32CubeIDE_1.14.1/STM32CubeIDE/plugins/com.st.stm32cube.ide.mcu.externaltools.gnu-tools-for-stm32.11.3.rel1.win32_1.1.100.202309141235/tools/bin/../lib/gcc/arm-none-eabi/11.3.1/../../../../arm-none-eabi/lib/thumb/v7-m/nofp\libc_nano.a(libc_a-puts.o)
                0x0000000008008f1c                _puts_r
 .text.puts     0x0000000008008fc4       0x10 D:/cubeide/STM32CubeIDE_1.14.1/STM32CubeIDE/plugins/com.st.stm32cube.ide.mcu.externaltools.gnu-tools-for-stm32.11.3.rel1.win32_1.1.100.202309141235/tools/bin/../lib/gcc/arm-none-eabi/11.3.1/../../../../arm-none-eabi/lib/thumb/v7-m/nofp\libc_nano.a(libc_a-puts.o)
                0x0000000008008fc4                puts
 .text.sprintf  0x0000000008008fd4       0x40 D:/cubeide/STM32CubeIDE_1.14.1/STM32CubeIDE/plugins/com.st.stm32cube.ide.mcu.externaltools.gnu-tools-for-stm32.11.3.rel1.win32_1.1.100.202309141235/tools/bin/../lib/gcc/arm-none-eabi/11.3.1/../../../../arm-none-eabi/lib/thumb/v7-m/nofp\libc_nano.a(libc_a-sprintf.o)
                0x0000000008008fd4                siprintf
                0x0000000008008fd4                sprintf
 .text.__sread  0x0000000008009014       0x22 D:/cubeide/STM32CubeIDE_1.14.1/STM32CubeIDE/plugins/com.st.stm32cube.ide.mcu.externaltools.gnu-tools-for-stm32.11.3.rel1.win32_1.1.100.202309141235/tools/bin/../lib/gcc/arm-none-eabi/11.3.1/../../../../arm-none-eabi/lib/thumb/v7-m/nofp\libc_nano.a(libc_a-stdio.o)
                0x0000000008009014                __sread
 .text.__swrite
                0x0000000008009036       0x38 D:/cubeide/STM32CubeIDE_1.14.1/STM32CubeIDE/plugins/com.st.stm32cube.ide.mcu.externaltools.gnu-tools-for-stm32.11.3.rel1.win32_1.1.100.202309141235/tools/bin/../lib/gcc/arm-none-eabi/11.3.1/../../../../arm-none-eabi/lib/thumb/v7-m/nofp\libc_nano.a(libc_a-stdio.o)
                0x0000000008009036                __swrite
 .text.__sseek  0x000000000800906e       0x24 D:/cubeide/STM32CubeIDE_1.14.1/STM32CubeIDE/plugins/com.st.stm32cube.ide.mcu.externaltools.gnu-tools-for-stm32.11.3.rel1.win32_1.1.100.202309141235/tools/bin/../lib/gcc/arm-none-eabi/11.3.1/../../../../arm-none-eabi/lib/thumb/v7-m/nofp\libc_nano.a(libc_a-stdio.o)
                0x000000000800906e                __sseek
 .text.__sclose
                0x0000000008009092        0x8 D:/cubeide/STM32CubeIDE_1.14.1/STM32CubeIDE/plugins/com.st.stm32cube.ide.mcu.externaltools.gnu-tools-for-stm32.11.3.rel1.win32_1.1.100.202309141235/tools/bin/../lib/gcc/arm-none-eabi/11.3.1/../../../../arm-none-eabi/lib/thumb/v7-m/nofp\libc_nano.a(libc_a-stdio.o)
                0x0000000008009092                __sclose
 .text.__swbuf_r
                0x000000000800909a       0x7a D:/cubeide/STM32CubeIDE_1.14.1/STM32CubeIDE/plugins/com.st.stm32cube.ide.mcu.externaltools.gnu-tools-for-stm32.11.3.rel1.win32_1.1.100.202309141235/tools/bin/../lib/gcc/arm-none-eabi/11.3.1/../../../../arm-none-eabi/lib/thumb/v7-m/nofp\libc_nano.a(libc_a-wbuf.o)
                0x000000000800909a                __swbuf_r
 .text.__swsetup_r
                0x0000000008009114       0xb0 D:/cubeide/STM32CubeIDE_1.14.1/STM32CubeIDE/plugins/com.st.stm32cube.ide.mcu.externaltools.gnu-tools-for-stm32.11.3.rel1.win32_1.1.100.202309141235/tools/bin/../lib/gcc/arm-none-eabi/11.3.1/../../../../arm-none-eabi/lib/thumb/v7-m/nofp\libc_nano.a(libc_a-wsetup.o)
                0x0000000008009114                __swsetup_r
 .text.memset   0x00000000080091c4       0x10 D:/cubeide/STM32CubeIDE_1.14.1/STM32CubeIDE/plugins/com.st.stm32cube.ide.mcu.externaltools.gnu-tools-for-stm32.11.3.rel1.win32_1.1.100.202309141235/tools/bin/../lib/gcc/arm-none-eabi/11.3.1/../../../../arm-none-eabi/lib/thumb/v7-m/nofp\libc_nano.a(libc_a-memset.o)
                0x00000000080091c4                memset
 .text._localeconv_r
                0x00000000080091d4        0x8 D:/cubeide/STM32CubeIDE_1.14.1/STM32CubeIDE/plugins/com.st.stm32cube.ide.mcu.externaltools.gnu-tools-for-stm32.11.3.rel1.win32_1.1.100.202309141235/tools/bin/../lib/gcc/arm-none-eabi/11.3.1/../../../../arm-none-eabi/lib/thumb/v7-m/nofp\libc_nano.a(libc_a-localeconv.o)
                0x00000000080091d4                _localeconv_r
 .text._close_r
                0x00000000080091dc       0x20 D:/cubeide/STM32CubeIDE_1.14.1/STM32CubeIDE/plugins/com.st.stm32cube.ide.mcu.externaltools.gnu-tools-for-stm32.11.3.rel1.win32_1.1.100.202309141235/tools/bin/../lib/gcc/arm-none-eabi/11.3.1/../../../../arm-none-eabi/lib/thumb/v7-m/nofp\libc_nano.a(libc_a-closer.o)
                0x00000000080091dc                _close_r
 .text._lseek_r
                0x00000000080091fc       0x24 D:/cubeide/STM32CubeIDE_1.14.1/STM32CubeIDE/plugins/com.st.stm32cube.ide.mcu.externaltools.gnu-tools-for-stm32.11.3.rel1.win32_1.1.100.202309141235/tools/bin/../lib/gcc/arm-none-eabi/11.3.1/../../../../arm-none-eabi/lib/thumb/v7-m/nofp\libc_nano.a(libc_a-lseekr.o)
                0x00000000080091fc                _lseek_r
 .text._read_r  0x0000000008009220       0x24 D:/cubeide/STM32CubeIDE_1.14.1/STM32CubeIDE/plugins/com.st.stm32cube.ide.mcu.externaltools.gnu-tools-for-stm32.11.3.rel1.win32_1.1.100.202309141235/tools/bin/../lib/gcc/arm-none-eabi/11.3.1/../../../../arm-none-eabi/lib/thumb/v7-m/nofp\libc_nano.a(libc_a-readr.o)
                0x0000000008009220                _read_r
 .text._write_r
                0x0000000008009244       0x24 D:/cubeide/STM32CubeIDE_1.14.1/STM32CubeIDE/plugins/com.st.stm32cube.ide.mcu.externaltools.gnu-tools-for-stm32.11.3.rel1.win32_1.1.100.202309141235/tools/bin/../lib/gcc/arm-none-eabi/11.3.1/../../../../arm-none-eabi/lib/thumb/v7-m/nofp\libc_nano.a(libc_a-writer.o)
                0x0000000008009244                _write_r
 .text.__errno  0x0000000008009268        0xc D:/cubeide/STM32CubeIDE_1.14.1/STM32CubeIDE/plugins/com.st.stm32cube.ide.mcu.externaltools.gnu-tools-for-stm32.11.3.rel1.win32_1.1.100.202309141235/tools/bin/../lib/gcc/arm-none-eabi/11.3.1/../../../../arm-none-eabi/lib/thumb/v7-m/nofp\libc_nano.a(libc_a-errno.o)
                0x0000000008009268                __errno
 .text.__libc_init_array
                0x0000000008009274       0x48 D:/cubeide/STM32CubeIDE_1.14.1/STM32CubeIDE/plugins/com.st.stm32cube.ide.mcu.externaltools.gnu-tools-for-stm32.11.3.rel1.win32_1.1.100.202309141235/tools/bin/../lib/gcc/arm-none-eabi/11.3.1/../../../../arm-none-eabi/lib/thumb/v7-m/nofp\libc_nano.a(libc_a-init.o)
                0x0000000008009274                __libc_init_array
 .text.__retarget_lock_init_recursive
                0x00000000080092bc        0x2 D:/cubeide/STM32CubeIDE_1.14.1/STM32CubeIDE/plugins/com.st.stm32cube.ide.mcu.externaltools.gnu-tools-for-stm32.11.3.rel1.win32_1.1.100.202309141235/tools/bin/../lib/gcc/arm-none-eabi/11.3.1/../../../../arm-none-eabi/lib/thumb/v7-m/nofp\libc_nano.a(libc_a-lock.o)
                0x00000000080092bc                __retarget_lock_init_recursive
 .text.__retarget_lock_acquire_recursive
                0x00000000080092be        0x2 D:/cubeide/STM32CubeIDE_1.14.1/STM32CubeIDE/plugins/com.st.stm32cube.ide.mcu.externaltools.gnu-tools-for-stm32.11.3.rel1.win32_1.1.100.202309141235/tools/bin/../lib/gcc/arm-none-eabi/11.3.1/../../../../arm-none-eabi/lib/thumb/v7-m/nofp\libc_nano.a(libc_a-lock.o)
                0x00000000080092be                __retarget_lock_acquire_recursive
 .text.__retarget_lock_release_recursive
                0x00000000080092c0        0x2 D:/cubeide/STM32CubeIDE_1.14.1/STM32CubeIDE/plugins/com.st.stm32cube.ide.mcu.externaltools.gnu-tools-for-stm32.11.3.rel1.win32_1.1.100.202309141235/tools/bin/../lib/gcc/arm-none-eabi/11.3.1/../../../../arm-none-eabi/lib/thumb/v7-m/nofp\libc_nano.a(libc_a-lock.o)
                0x00000000080092c0                __retarget_lock_release_recursive
 .text.memchr   0x00000000080092c2       0x1c D:/cubeide/STM32CubeIDE_1.14.1/STM32CubeIDE/plugins/com.st.stm32cube.ide.mcu.externaltools.gnu-tools-for-stm32.11.3.rel1.win32_1.1.100.202309141235/tools/bin/../lib/gcc/arm-none-eabi/11.3.1/../../../../arm-none-eabi/lib/thumb/v7-m/nofp\libc_nano.a(libc_a-memchr-stub.o)
                0x00000000080092c2                memchr
 .text.memcpy   0x00000000080092de       0x1c D:/cubeide/STM32CubeIDE_1.14.1/STM32CubeIDE/plugins/com.st.stm32cube.ide.mcu.externaltools.gnu-tools-for-stm32.11.3.rel1.win32_1.1.100.202309141235/tools/bin/../lib/gcc/arm-none-eabi/11.3.1/../../../../arm-none-eabi/lib/thumb/v7-m/nofp\libc_nano.a(libc_a-memcpy-stub.o)
                0x00000000080092de                memcpy
 .text.quorem   0x00000000080092fa      0x112 D:/cubeide/STM32CubeIDE_1.14.1/STM32CubeIDE/plugins/com.st.stm32cube.ide.mcu.externaltools.gnu-tools-for-stm32.11.3.rel1.win32_1.1.100.202309141235/tools/bin/../lib/gcc/arm-none-eabi/11.3.1/../../../../arm-none-eabi/lib/thumb/v7-m/nofp\libc_nano.a(libc_a-dtoa.o)
 *fill*         0x000000000800940c        0x4 
 .text._dtoa_r  0x0000000008009410      0xbc8 D:/cubeide/STM32CubeIDE_1.14.1/STM32CubeIDE/plugins/com.st.stm32cube.ide.mcu.externaltools.gnu-tools-for-stm32.11.3.rel1.win32_1.1.100.202309141235/tools/bin/../lib/gcc/arm-none-eabi/11.3.1/../../../../arm-none-eabi/lib/thumb/v7-m/nofp\libc_nano.a(libc_a-dtoa.o)
                0x0000000008009410                _dtoa_r
 .text._free_r  0x0000000008009fd8       0x90 D:/cubeide/STM32CubeIDE_1.14.1/STM32CubeIDE/plugins/com.st.stm32cube.ide.mcu.externaltools.gnu-tools-for-stm32.11.3.rel1.win32_1.1.100.202309141235/tools/bin/../lib/gcc/arm-none-eabi/11.3.1/../../../../arm-none-eabi/lib/thumb/v7-m/nofp\libc_nano.a(libc_a-freer.o)
                0x0000000008009fd8                _free_r
 .text.malloc   0x000000000800a068       0x10 D:/cubeide/STM32CubeIDE_1.14.1/STM32CubeIDE/plugins/com.st.stm32cube.ide.mcu.externaltools.gnu-tools-for-stm32.11.3.rel1.win32_1.1.100.202309141235/tools/bin/../lib/gcc/arm-none-eabi/11.3.1/../../../../arm-none-eabi/lib/thumb/v7-m/nofp\libc_nano.a(libc_a-malloc.o)
                0x000000000800a068                malloc
 .text.sbrk_aligned
                0x000000000800a078       0x40 D:/cubeide/STM32CubeIDE_1.14.1/STM32CubeIDE/plugins/com.st.stm32cube.ide.mcu.externaltools.gnu-tools-for-stm32.11.3.rel1.win32_1.1.100.202309141235/tools/bin/../lib/gcc/arm-none-eabi/11.3.1/../../../../arm-none-eabi/lib/thumb/v7-m/nofp\libc_nano.a(libc_a-mallocr.o)
 .text._malloc_r
                0x000000000800a0b8      0x100 D:/cubeide/STM32CubeIDE_1.14.1/STM32CubeIDE/plugins/com.st.stm32cube.ide.mcu.externaltools.gnu-tools-for-stm32.11.3.rel1.win32_1.1.100.202309141235/tools/bin/../lib/gcc/arm-none-eabi/11.3.1/../../../../arm-none-eabi/lib/thumb/v7-m/nofp\libc_nano.a(libc_a-mallocr.o)
                0x000000000800a0b8                _malloc_r
 .text.__malloc_lock
                0x000000000800a1b8        0xc D:/cubeide/STM32CubeIDE_1.14.1/STM32CubeIDE/plugins/com.st.stm32cube.ide.mcu.externaltools.gnu-tools-for-stm32.11.3.rel1.win32_1.1.100.202309141235/tools/bin/../lib/gcc/arm-none-eabi/11.3.1/../../../../arm-none-eabi/lib/thumb/v7-m/nofp\libc_nano.a(libc_a-mlock.o)
                0x000000000800a1b8                __malloc_lock
 .text.__malloc_unlock
                0x000000000800a1c4        0xc D:/cubeide/STM32CubeIDE_1.14.1/STM32CubeIDE/plugins/com.st.stm32cube.ide.mcu.externaltools.gnu-tools-for-stm32.11.3.rel1.win32_1.1.100.202309141235/tools/bin/../lib/gcc/arm-none-eabi/11.3.1/../../../../arm-none-eabi/lib/thumb/v7-m/nofp\libc_nano.a(libc_a-mlock.o)
                0x000000000800a1c4                __malloc_unlock
 .text._Balloc  0x000000000800a1d0       0x80 D:/cubeide/STM32CubeIDE_1.14.1/STM32CubeIDE/plugins/com.st.stm32cube.ide.mcu.externaltools.gnu-tools-for-stm32.11.3.rel1.win32_1.1.100.202309141235/tools/bin/../lib/gcc/arm-none-eabi/11.3.1/../../../../arm-none-eabi/lib/thumb/v7-m/nofp\libc_nano.a(libc_a-mprec.o)
                0x000000000800a1d0                _Balloc
 .text._Bfree   0x000000000800a250       0x44 D:/cubeide/STM32CubeIDE_1.14.1/STM32CubeIDE/plugins/com.st.stm32cube.ide.mcu.externaltools.gnu-tools-for-stm32.11.3.rel1.win32_1.1.100.202309141235/tools/bin/../lib/gcc/arm-none-eabi/11.3.1/../../../../arm-none-eabi/lib/thumb/v7-m/nofp\libc_nano.a(libc_a-mprec.o)
                0x000000000800a250                _Bfree
 .text.__multadd
                0x000000000800a294       0x8c D:/cubeide/STM32CubeIDE_1.14.1/STM32CubeIDE/plugins/com.st.stm32cube.ide.mcu.externaltools.gnu-tools-for-stm32.11.3.rel1.win32_1.1.100.202309141235/tools/bin/../lib/gcc/arm-none-eabi/11.3.1/../../../../arm-none-eabi/lib/thumb/v7-m/nofp\libc_nano.a(libc_a-mprec.o)
                0x000000000800a294                __multadd
 .text.__hi0bits
                0x000000000800a320       0x40 D:/cubeide/STM32CubeIDE_1.14.1/STM32CubeIDE/plugins/com.st.stm32cube.ide.mcu.externaltools.gnu-tools-for-stm32.11.3.rel1.win32_1.1.100.202309141235/tools/bin/../lib/gcc/arm-none-eabi/11.3.1/../../../../arm-none-eabi/lib/thumb/v7-m/nofp\libc_nano.a(libc_a-mprec.o)
                0x000000000800a320                __hi0bits
 .text.__lo0bits
                0x000000000800a360       0x5a D:/cubeide/STM32CubeIDE_1.14.1/STM32CubeIDE/plugins/com.st.stm32cube.ide.mcu.externaltools.gnu-tools-for-stm32.11.3.rel1.win32_1.1.100.202309141235/tools/bin/../lib/gcc/arm-none-eabi/11.3.1/../../../../arm-none-eabi/lib/thumb/v7-m/nofp\libc_nano.a(libc_a-mprec.o)
                0x000000000800a360                __lo0bits
 *fill*         0x000000000800a3ba        0x2 
 .text.__i2b    0x000000000800a3bc       0x2c D:/cubeide/STM32CubeIDE_1.14.1/STM32CubeIDE/plugins/com.st.stm32cube.ide.mcu.externaltools.gnu-tools-for-stm32.11.3.rel1.win32_1.1.100.202309141235/tools/bin/../lib/gcc/arm-none-eabi/11.3.1/../../../../arm-none-eabi/lib/thumb/v7-m/nofp\libc_nano.a(libc_a-mprec.o)
                0x000000000800a3bc                __i2b
 .text.__multiply
                0x000000000800a3e8      0x150 D:/cubeide/STM32CubeIDE_1.14.1/STM32CubeIDE/plugins/com.st.stm32cube.ide.mcu.externaltools.gnu-tools-for-stm32.11.3.rel1.win32_1.1.100.202309141235/tools/bin/../lib/gcc/arm-none-eabi/11.3.1/../../../../arm-none-eabi/lib/thumb/v7-m/nofp\libc_nano.a(libc_a-mprec.o)
                0x000000000800a3e8                __multiply
 .text.__pow5mult
                0x000000000800a538       0xb4 D:/cubeide/STM32CubeIDE_1.14.1/STM32CubeIDE/plugins/com.st.stm32cube.ide.mcu.externaltools.gnu-tools-for-stm32.11.3.rel1.win32_1.1.100.202309141235/tools/bin/../lib/gcc/arm-none-eabi/11.3.1/../../../../arm-none-eabi/lib/thumb/v7-m/nofp\libc_nano.a(libc_a-mprec.o)
                0x000000000800a538                __pow5mult
 .text.__lshift
                0x000000000800a5ec       0xd8 D:/cubeide/STM32CubeIDE_1.14.1/STM32CubeIDE/plugins/com.st.stm32cube.ide.mcu.externaltools.gnu-tools-for-stm32.11.3.rel1.win32_1.1.100.202309141235/tools/bin/../lib/gcc/arm-none-eabi/11.3.1/../../../../arm-none-eabi/lib/thumb/v7-m/nofp\libc_nano.a(libc_a-mprec.o)
                0x000000000800a5ec                __lshift
 .text.__mcmp   0x000000000800a6c4       0x36 D:/cubeide/STM32CubeIDE_1.14.1/STM32CubeIDE/plugins/com.st.stm32cube.ide.mcu.externaltools.gnu-tools-for-stm32.11.3.rel1.win32_1.1.100.202309141235/tools/bin/../lib/gcc/arm-none-eabi/11.3.1/../../../../arm-none-eabi/lib/thumb/v7-m/nofp\libc_nano.a(libc_a-mprec.o)
                0x000000000800a6c4                __mcmp
 *fill*         0x000000000800a6fa        0x2 
 .text.__mdiff  0x000000000800a6fc      0x118 D:/cubeide/STM32CubeIDE_1.14.1/STM32CubeIDE/plugins/com.st.stm32cube.ide.mcu.externaltools.gnu-tools-for-stm32.11.3.rel1.win32_1.1.100.202309141235/tools/bin/../lib/gcc/arm-none-eabi/11.3.1/../../../../arm-none-eabi/lib/thumb/v7-m/nofp\libc_nano.a(libc_a-mprec.o)
                0x000000000800a6fc                __mdiff
 .text.__d2b    0x000000000800a814       0xac D:/cubeide/STM32CubeIDE_1.14.1/STM32CubeIDE/plugins/com.st.stm32cube.ide.mcu.externaltools.gnu-tools-for-stm32.11.3.rel1.win32_1.1.100.202309141235/tools/bin/../lib/gcc/arm-none-eabi/11.3.1/../../../../arm-none-eabi/lib/thumb/v7-m/nofp\libc_nano.a(libc_a-mprec.o)
                0x000000000800a814                __d2b
 .text.__ssputs_r
                0x000000000800a8c0       0xb4 D:/cubeide/STM32CubeIDE_1.14.1/STM32CubeIDE/plugins/com.st.stm32cube.ide.mcu.externaltools.gnu-tools-for-stm32.11.3.rel1.win32_1.1.100.202309141235/tools/bin/../lib/gcc/arm-none-eabi/11.3.1/../../../../arm-none-eabi/lib/thumb/v7-m/nofp\libc_nano.a(libc_a-nano-svfprintf.o)
                0x000000000800a8c0                __ssputs_r
 .text._svfprintf_r
                0x000000000800a974      0x1fc D:/cubeide/STM32CubeIDE_1.14.1/STM32CubeIDE/plugins/com.st.stm32cube.ide.mcu.externaltools.gnu-tools-for-stm32.11.3.rel1.win32_1.1.100.202309141235/tools/bin/../lib/gcc/arm-none-eabi/11.3.1/../../../../arm-none-eabi/lib/thumb/v7-m/nofp\libc_nano.a(libc_a-nano-svfprintf.o)
                0x000000000800a974                _svfiprintf_r
                0x000000000800a974                _svfprintf_r
 .text.__sflush_r
                0x000000000800ab70      0x104 D:/cubeide/STM32CubeIDE_1.14.1/STM32CubeIDE/plugins/com.st.stm32cube.ide.mcu.externaltools.gnu-tools-for-stm32.11.3.rel1.win32_1.1.100.202309141235/tools/bin/../lib/gcc/arm-none-eabi/11.3.1/../../../../arm-none-eabi/lib/thumb/v7-m/nofp\libc_nano.a(libc_a-fflush.o)
                0x000000000800ab70                __sflush_r
 .text._fflush_r
                0x000000000800ac74       0x50 D:/cubeide/STM32CubeIDE_1.14.1/STM32CubeIDE/plugins/com.st.stm32cube.ide.mcu.externaltools.gnu-tools-for-stm32.11.3.rel1.win32_1.1.100.202309141235/tools/bin/../lib/gcc/arm-none-eabi/11.3.1/../../../../arm-none-eabi/lib/thumb/v7-m/nofp\libc_nano.a(libc_a-fflush.o)
                0x000000000800ac74                _fflush_r
 .text.__swhatbuf_r
                0x000000000800acc4       0x4a D:/cubeide/STM32CubeIDE_1.14.1/STM32CubeIDE/plugins/com.st.stm32cube.ide.mcu.externaltools.gnu-tools-for-stm32.11.3.rel1.win32_1.1.100.202309141235/tools/bin/../lib/gcc/arm-none-eabi/11.3.1/../../../../arm-none-eabi/lib/thumb/v7-m/nofp\libc_nano.a(libc_a-makebuf.o)
                0x000000000800acc4                __swhatbuf_r
 .text.__smakebuf_r
                0x000000000800ad0e       0x78 D:/cubeide/STM32CubeIDE_1.14.1/STM32CubeIDE/plugins/com.st.stm32cube.ide.mcu.externaltools.gnu-tools-for-stm32.11.3.rel1.win32_1.1.100.202309141235/tools/bin/../lib/gcc/arm-none-eabi/11.3.1/../../../../arm-none-eabi/lib/thumb/v7-m/nofp\libc_nano.a(libc_a-makebuf.o)
                0x000000000800ad0e                __smakebuf_r
 .text.memmove  0x000000000800ad86       0x34 D:/cubeide/STM32CubeIDE_1.14.1/STM32CubeIDE/plugins/com.st.stm32cube.ide.mcu.externaltools.gnu-tools-for-stm32.11.3.rel1.win32_1.1.100.202309141235/tools/bin/../lib/gcc/arm-none-eabi/11.3.1/../../../../arm-none-eabi/lib/thumb/v7-m/nofp\libc_nano.a(libc_a-memmove.o)
                0x000000000800ad86                memmove
 *fill*         0x000000000800adba        0x2 
 .text._fstat_r
                0x000000000800adbc       0x24 D:/cubeide/STM32CubeIDE_1.14.1/STM32CubeIDE/plugins/com.st.stm32cube.ide.mcu.externaltools.gnu-tools-for-stm32.11.3.rel1.win32_1.1.100.202309141235/tools/bin/../lib/gcc/arm-none-eabi/11.3.1/../../../../arm-none-eabi/lib/thumb/v7-m/nofp\libc_nano.a(libc_a-fstatr.o)
                0x000000000800adbc                _fstat_r
 .text._isatty_r
                0x000000000800ade0       0x20 D:/cubeide/STM32CubeIDE_1.14.1/STM32CubeIDE/plugins/com.st.stm32cube.ide.mcu.externaltools.gnu-tools-for-stm32.11.3.rel1.win32_1.1.100.202309141235/tools/bin/../lib/gcc/arm-none-eabi/11.3.1/../../../../arm-none-eabi/lib/thumb/v7-m/nofp\libc_nano.a(libc_a-isattyr.o)
                0x000000000800ade0                _isatty_r
 .text._sbrk_r  0x000000000800ae00       0x20 D:/cubeide/STM32CubeIDE_1.14.1/STM32CubeIDE/plugins/com.st.stm32cube.ide.mcu.externaltools.gnu-tools-for-stm32.11.3.rel1.win32_1.1.100.202309141235/tools/bin/../lib/gcc/arm-none-eabi/11.3.1/../../../../arm-none-eabi/lib/thumb/v7-m/nofp\libc_nano.a(libc_a-sbrkr.o)
                0x000000000800ae00                _sbrk_r
 .text.__assert_func
                0x000000000800ae20       0x3c D:/cubeide/STM32CubeIDE_1.14.1/STM32CubeIDE/plugins/com.st.stm32cube.ide.mcu.externaltools.gnu-tools-for-stm32.11.3.rel1.win32_1.1.100.202309141235/tools/bin/../lib/gcc/arm-none-eabi/11.3.1/../../../../arm-none-eabi/lib/thumb/v7-m/nofp\libc_nano.a(libc_a-assert.o)
                0x000000000800ae20                __assert_func
 .text._calloc_r
                0x000000000800ae5c       0x28 D:/cubeide/STM32CubeIDE_1.14.1/STM32CubeIDE/plugins/com.st.stm32cube.ide.mcu.externaltools.gnu-tools-for-stm32.11.3.rel1.win32_1.1.100.202309141235/tools/bin/../lib/gcc/arm-none-eabi/11.3.1/../../../../arm-none-eabi/lib/thumb/v7-m/nofp\libc_nano.a(libc_a-callocr.o)
                0x000000000800ae5c                _calloc_r
 .text.__ascii_mbtowc
                0x000000000800ae84       0x24 D:/cubeide/STM32CubeIDE_1.14.1/STM32CubeIDE/plugins/com.st.stm32cube.ide.mcu.externaltools.gnu-tools-for-stm32.11.3.rel1.win32_1.1.100.202309141235/tools/bin/../lib/gcc/arm-none-eabi/11.3.1/../../../../arm-none-eabi/lib/thumb/v7-m/nofp\libc_nano.a(libc_a-mbtowc_r.o)
                0x000000000800ae84                __ascii_mbtowc
 .text._realloc_r
                0x000000000800aea8       0x5e D:/cubeide/STM32CubeIDE_1.14.1/STM32CubeIDE/plugins/com.st.stm32cube.ide.mcu.externaltools.gnu-tools-for-stm32.11.3.rel1.win32_1.1.100.202309141235/tools/bin/../lib/gcc/arm-none-eabi/11.3.1/../../../../arm-none-eabi/lib/thumb/v7-m/nofp\libc_nano.a(libc_a-reallocr.o)
                0x000000000800aea8                _realloc_r
 .text.__ascii_wctomb
                0x000000000800af06       0x1a D:/cubeide/STM32CubeIDE_1.14.1/STM32CubeIDE/plugins/com.st.stm32cube.ide.mcu.externaltools.gnu-tools-for-stm32.11.3.rel1.win32_1.1.100.202309141235/tools/bin/../lib/gcc/arm-none-eabi/11.3.1/../../../../arm-none-eabi/lib/thumb/v7-m/nofp\libc_nano.a(libc_a-wctomb_r.o)
                0x000000000800af06                __ascii_wctomb
 .text.fprintf  0x000000000800af20       0x24 D:/cubeide/STM32CubeIDE_1.14.1/STM32CubeIDE/plugins/com.st.stm32cube.ide.mcu.externaltools.gnu-tools-for-stm32.11.3.rel1.win32_1.1.100.202309141235/tools/bin/../lib/gcc/arm-none-eabi/11.3.1/../../../../arm-none-eabi/lib/thumb/v7-m/nofp\libc_nano.a(libc_a-fprintf.o)
                0x000000000800af20                fiprintf
                0x000000000800af20                fprintf
 .text.abort    0x000000000800af44        0xe D:/cubeide/STM32CubeIDE_1.14.1/STM32CubeIDE/plugins/com.st.stm32cube.ide.mcu.externaltools.gnu-tools-for-stm32.11.3.rel1.win32_1.1.100.202309141235/tools/bin/../lib/gcc/arm-none-eabi/11.3.1/../../../../arm-none-eabi/lib/thumb/v7-m/nofp\libc_nano.a(libc_a-abort.o)
                0x000000000800af44                abort
 .text._malloc_usable_size_r
                0x000000000800af52       0x10 D:/cubeide/STM32CubeIDE_1.14.1/STM32CubeIDE/plugins/com.st.stm32cube.ide.mcu.externaltools.gnu-tools-for-stm32.11.3.rel1.win32_1.1.100.202309141235/tools/bin/../lib/gcc/arm-none-eabi/11.3.1/../../../../arm-none-eabi/lib/thumb/v7-m/nofp\libc_nano.a(libc_a-msizer.o)
                0x000000000800af52                _malloc_usable_size_r
 .text.__sfputc_r
                0x000000000800af62       0x2a D:/cubeide/STM32CubeIDE_1.14.1/STM32CubeIDE/plugins/com.st.stm32cube.ide.mcu.externaltools.gnu-tools-for-stm32.11.3.rel1.win32_1.1.100.202309141235/tools/bin/../lib/gcc/arm-none-eabi/11.3.1/../../../../arm-none-eabi/lib/thumb/v7-m/nofp\libc_nano.a(libc_a-nano-vfprintf.o)
 .text.__sfputs_r
                0x000000000800af8c       0x24 D:/cubeide/STM32CubeIDE_1.14.1/STM32CubeIDE/plugins/com.st.stm32cube.ide.mcu.externaltools.gnu-tools-for-stm32.11.3.rel1.win32_1.1.100.202309141235/tools/bin/../lib/gcc/arm-none-eabi/11.3.1/../../../../arm-none-eabi/lib/thumb/v7-m/nofp\libc_nano.a(libc_a-nano-vfprintf.o)
                0x000000000800af8c                __sfputs_r
 .text._vfprintf_r
                0x000000000800afb0      0x234 D:/cubeide/STM32CubeIDE_1.14.1/STM32CubeIDE/plugins/com.st.stm32cube.ide.mcu.externaltools.gnu-tools-for-stm32.11.3.rel1.win32_1.1.100.202309141235/tools/bin/../lib/gcc/arm-none-eabi/11.3.1/../../../../arm-none-eabi/lib/thumb/v7-m/nofp\libc_nano.a(libc_a-nano-vfprintf.o)
                0x000000000800afb0                _vfprintf_r
                0x000000000800afb0                _vfiprintf_r
 .text._raise_r
                0x000000000800b1e4       0x50 D:/cubeide/STM32CubeIDE_1.14.1/STM32CubeIDE/plugins/com.st.stm32cube.ide.mcu.externaltools.gnu-tools-for-stm32.11.3.rel1.win32_1.1.100.202309141235/tools/bin/../lib/gcc/arm-none-eabi/11.3.1/../../../../arm-none-eabi/lib/thumb/v7-m/nofp\libc_nano.a(libc_a-signal.o)
                0x000000000800b1e4                _raise_r
 .text.raise    0x000000000800b234       0x10 D:/cubeide/STM32CubeIDE_1.14.1/STM32CubeIDE/plugins/com.st.stm32cube.ide.mcu.externaltools.gnu-tools-for-stm32.11.3.rel1.win32_1.1.100.202309141235/tools/bin/../lib/gcc/arm-none-eabi/11.3.1/../../../../arm-none-eabi/lib/thumb/v7-m/nofp\libc_nano.a(libc_a-signal.o)
                0x000000000800b234                raise
 .text._kill_r  0x000000000800b244       0x24 D:/cubeide/STM32CubeIDE_1.14.1/STM32CubeIDE/plugins/com.st.stm32cube.ide.mcu.externaltools.gnu-tools-for-stm32.11.3.rel1.win32_1.1.100.202309141235/tools/bin/../lib/gcc/arm-none-eabi/11.3.1/../../../../arm-none-eabi/lib/thumb/v7-m/nofp\libc_nano.a(libc_a-signalr.o)
                0x000000000800b244                _kill_r
 .text._getpid_r
                0x000000000800b268        0x4 D:/cubeide/STM32CubeIDE_1.14.1/STM32CubeIDE/plugins/com.st.stm32cube.ide.mcu.externaltools.gnu-tools-for-stm32.11.3.rel1.win32_1.1.100.202309141235/tools/bin/../lib/gcc/arm-none-eabi/11.3.1/../../../../arm-none-eabi/lib/thumb/v7-m/nofp\libc_nano.a(libc_a-signalr.o)
                0x000000000800b268                _getpid_r
 *(.glue_7)
 .glue_7        0x000000000800b26c        0x0 linker stubs
 *(.glue_7t)
 .glue_7t       0x000000000800b26c        0x0 linker stubs
 *(.eh_frame)
 .eh_frame      0x000000000800b26c        0x0 D:/cubeide/STM32CubeIDE_1.14.1/STM32CubeIDE/plugins/com.st.stm32cube.ide.mcu.externaltools.gnu-tools-for-stm32.11.3.rel1.win32_1.1.100.202309141235/tools/bin/../lib/gcc/arm-none-eabi/11.3.1/thumb/v7-m/nofp/crtbegin.o
 *(.init)
 .init          0x000000000800b26c        0x4 D:/cubeide/STM32CubeIDE_1.14.1/STM32CubeIDE/plugins/com.st.stm32cube.ide.mcu.externaltools.gnu-tools-for-stm32.11.3.rel1.win32_1.1.100.202309141235/tools/bin/../lib/gcc/arm-none-eabi/11.3.1/thumb/v7-m/nofp/crti.o
                0x000000000800b26c                _init
 .init          0x000000000800b270        0x8 D:/cubeide/STM32CubeIDE_1.14.1/STM32CubeIDE/plugins/com.st.stm32cube.ide.mcu.externaltools.gnu-tools-for-stm32.11.3.rel1.win32_1.1.100.202309141235/tools/bin/../lib/gcc/arm-none-eabi/11.3.1/thumb/v7-m/nofp/crtn.o
 *(.fini)
 .fini          0x000000000800b278        0x4 D:/cubeide/STM32CubeIDE_1.14.1/STM32CubeIDE/plugins/com.st.stm32cube.ide.mcu.externaltools.gnu-tools-for-stm32.11.3.rel1.win32_1.1.100.202309141235/tools/bin/../lib/gcc/arm-none-eabi/11.3.1/thumb/v7-m/nofp/crti.o
                0x000000000800b278                _fini
 .fini          0x000000000800b27c        0x8 D:/cubeide/STM32CubeIDE_1.14.1/STM32CubeIDE/plugins/com.st.stm32cube.ide.mcu.externaltools.gnu-tools-for-stm32.11.3.rel1.win32_1.1.100.202309141235/tools/bin/../lib/gcc/arm-none-eabi/11.3.1/thumb/v7-m/nofp/crtn.o
                0x000000000800b284                . = ALIGN (0x4)
                0x000000000800b284                _etext = .

.vfp11_veneer   0x000000000800b284        0x0
 .vfp11_veneer  0x000000000800b284        0x0 linker stubs

.v4_bx          0x000000000800b284        0x0
 .v4_bx         0x000000000800b284        0x0 linker stubs

.iplt           0x000000000800b284        0x0
 .iplt          0x000000000800b284        0x0 D:/cubeide/STM32CubeIDE_1.14.1/STM32CubeIDE/plugins/com.st.stm32cube.ide.mcu.externaltools.gnu-tools-for-stm32.11.3.rel1.win32_1.1.100.202309141235/tools/bin/../lib/gcc/arm-none-eabi/11.3.1/thumb/v7-m/nofp/crtbegin.o

.rodata         0x000000000800b288      0x54c
                0x000000000800b288                . = ALIGN (0x4)
 *(.rodata)
 .rodata        0x000000000800b288      0x120 ./Core/Src/main.o
 .rodata        0x000000000800b3a8        0x5 ./Middlewares/Third_Party/FreeRTOS/Source/tasks.o
 *fill*         0x000000000800b3ad        0x3 
 .rodata        0x000000000800b3b0        0xd ./Middlewares/Third_Party/FreeRTOS/Source/timers.o
 *(.rodata*)
 *fill*         0x000000000800b3bd        0x3 
 .rodata.measure_attributes
                0x000000000800b3c0       0x24 ./Core/Src/main.o
                0x000000000800b3c0                measure_attributes
 .rodata.write_clcd_attributes
                0x000000000800b3e4       0x24 ./Core/Src/main.o
                0x000000000800b3e4                write_clcd_attributes
 .rodata.send_uart_attributes
                0x000000000800b408       0x24 ./Core/Src/main.o
                0x000000000800b408                send_uart_attributes
 .rodata.bin_sem_attributes
                0x000000000800b42c       0x10 ./Core/Src/main.o
                0x000000000800b42c                bin_sem_attributes
 .rodata.AHBPrescTable
                0x000000000800b43c       0x10 ./Core/Src/system_stm32f1xx.o
                0x000000000800b43c                AHBPrescTable
 .rodata.APBPrescTable
                0x000000000800b44c        0x8 ./Core/Src/system_stm32f1xx.o
                0x000000000800b44c                APBPrescTable
 .rodata.aPLLMULFactorTable.1
                0x000000000800b454       0x10 ./Drivers/STM32F1xx_HAL_Driver/Src/stm32f1xx_hal_rcc.o
 .rodata.aPredivFactorTable.0
                0x000000000800b464        0x2 ./Drivers/STM32F1xx_HAL_Driver/Src/stm32f1xx_hal_rcc.o
 .rodata._printf_float.str1.1
                0x000000000800b466       0x12 D:/cubeide/STM32CubeIDE_1.14.1/STM32CubeIDE/plugins/com.st.stm32cube.ide.mcu.externaltools.gnu-tools-for-stm32.11.3.rel1.win32_1.1.100.202309141235/tools/bin/../lib/gcc/arm-none-eabi/11.3.1/../../../../arm-none-eabi/lib/thumb/v7-m/nofp\libc_nano.a(libc_a-nano-vfprintf_float.o)
 .rodata._printf_i.str1.1
                0x000000000800b478       0x22 D:/cubeide/STM32CubeIDE_1.14.1/STM32CubeIDE/plugins/com.st.stm32cube.ide.mcu.externaltools.gnu-tools-for-stm32.11.3.rel1.win32_1.1.100.202309141235/tools/bin/../lib/gcc/arm-none-eabi/11.3.1/../../../../arm-none-eabi/lib/thumb/v7-m/nofp\libc_nano.a(libc_a-nano-vfprintf_i.o)
 .rodata._dtoa_r.str1.1
                0x000000000800b49a       0x8d D:/cubeide/STM32CubeIDE_1.14.1/STM32CubeIDE/plugins/com.st.stm32cube.ide.mcu.externaltools.gnu-tools-for-stm32.11.3.rel1.win32_1.1.100.202309141235/tools/bin/../lib/gcc/arm-none-eabi/11.3.1/../../../../arm-none-eabi/lib/thumb/v7-m/nofp\libc_nano.a(libc_a-dtoa.o)
                                         0x8f (size before relaxing)
 .rodata._Balloc.str1.1
                0x000000000800b527       0x59 D:/cubeide/STM32CubeIDE_1.14.1/STM32CubeIDE/plugins/com.st.stm32cube.ide.mcu.externaltools.gnu-tools-for-stm32.11.3.rel1.win32_1.1.100.202309141235/tools/bin/../lib/gcc/arm-none-eabi/11.3.1/../../../../arm-none-eabi/lib/thumb/v7-m/nofp\libc_nano.a(libc_a-mprec.o)
                                         0x70 (size before relaxing)
 .rodata.__multadd.str1.1
                0x000000000800b580       0x11 D:/cubeide/STM32CubeIDE_1.14.1/STM32CubeIDE/plugins/com.st.stm32cube.ide.mcu.externaltools.gnu-tools-for-stm32.11.3.rel1.win32_1.1.100.202309141235/tools/bin/../lib/gcc/arm-none-eabi/11.3.1/../../../../arm-none-eabi/lib/thumb/v7-m/nofp\libc_nano.a(libc_a-mprec.o)
 .rodata.__mprec_bigtens
                0x000000000800b580       0x28 D:/cubeide/STM32CubeIDE_1.14.1/STM32CubeIDE/plugins/com.st.stm32cube.ide.mcu.externaltools.gnu-tools-for-stm32.11.3.rel1.win32_1.1.100.202309141235/tools/bin/../lib/gcc/arm-none-eabi/11.3.1/../../../../arm-none-eabi/lib/thumb/v7-m/nofp\libc_nano.a(libc_a-mprec.o)
                0x000000000800b580                __mprec_bigtens
 .rodata.__mprec_tens
                0x000000000800b5a8       0xc8 D:/cubeide/STM32CubeIDE_1.14.1/STM32CubeIDE/plugins/com.st.stm32cube.ide.mcu.externaltools.gnu-tools-for-stm32.11.3.rel1.win32_1.1.100.202309141235/tools/bin/../lib/gcc/arm-none-eabi/11.3.1/../../../../arm-none-eabi/lib/thumb/v7-m/nofp\libc_nano.a(libc_a-mprec.o)
                0x000000000800b5a8                __mprec_tens
 .rodata.p05.0  0x000000000800b670        0xc D:/cubeide/STM32CubeIDE_1.14.1/STM32CubeIDE/plugins/com.st.stm32cube.ide.mcu.externaltools.gnu-tools-for-stm32.11.3.rel1.win32_1.1.100.202309141235/tools/bin/../lib/gcc/arm-none-eabi/11.3.1/../../../../arm-none-eabi/lib/thumb/v7-m/nofp\libc_nano.a(libc_a-mprec.o)
 .rodata._svfprintf_r.str1.1
                0x000000000800b67c       0x11 D:/cubeide/STM32CubeIDE_1.14.1/STM32CubeIDE/plugins/com.st.stm32cube.ide.mcu.externaltools.gnu-tools-for-stm32.11.3.rel1.win32_1.1.100.202309141235/tools/bin/../lib/gcc/arm-none-eabi/11.3.1/../../../../arm-none-eabi/lib/thumb/v7-m/nofp\libc_nano.a(libc_a-nano-svfprintf.o)
 .rodata._setlocale_r.str1.1
                0x000000000800b68d        0x8 D:/cubeide/STM32CubeIDE_1.14.1/STM32CubeIDE/plugins/com.st.stm32cube.ide.mcu.externaltools.gnu-tools-for-stm32.11.3.rel1.win32_1.1.100.202309141235/tools/bin/../lib/gcc/arm-none-eabi/11.3.1/../../../../arm-none-eabi/lib/thumb/v7-m/nofp\libc_nano.a(libc_a-locale.o)
                                          0x9 (size before relaxing)
 .rodata.str1.1
                0x000000000800b695        0x2 D:/cubeide/STM32CubeIDE_1.14.1/STM32CubeIDE/plugins/com.st.stm32cube.ide.mcu.externaltools.gnu-tools-for-stm32.11.3.rel1.win32_1.1.100.202309141235/tools/bin/../lib/gcc/arm-none-eabi/11.3.1/../../../../arm-none-eabi/lib/thumb/v7-m/nofp\libc_nano.a(libc_a-locale.o)
 .rodata.__assert_func.str1.1
                0x000000000800b697       0x3c D:/cubeide/STM32CubeIDE_1.14.1/STM32CubeIDE/plugins/com.st.stm32cube.ide.mcu.externaltools.gnu-tools-for-stm32.11.3.rel1.win32_1.1.100.202309141235/tools/bin/../lib/gcc/arm-none-eabi/11.3.1/../../../../arm-none-eabi/lib/thumb/v7-m/nofp\libc_nano.a(libc_a-assert.o)
                                         0x3d (size before relaxing)
 .rodata._ctype_
                0x000000000800b6d3      0x101 D:/cubeide/STM32CubeIDE_1.14.1/STM32CubeIDE/plugins/com.st.stm32cube.ide.mcu.externaltools.gnu-tools-for-stm32.11.3.rel1.win32_1.1.100.202309141235/tools/bin/../lib/gcc/arm-none-eabi/11.3.1/../../../../arm-none-eabi/lib/thumb/v7-m/nofp\libc_nano.a(libc_a-ctype_.o)
                0x000000000800b6d3                _ctype_
 .rodata._vfprintf_r.str1.1
                0x000000000800b7d4       0x11 D:/cubeide/STM32CubeIDE_1.14.1/STM32CubeIDE/plugins/com.st.stm32cube.ide.mcu.externaltools.gnu-tools-for-stm32.11.3.rel1.win32_1.1.100.202309141235/tools/bin/../lib/gcc/arm-none-eabi/11.3.1/../../../../arm-none-eabi/lib/thumb/v7-m/nofp\libc_nano.a(libc_a-nano-vfprintf.o)
                0x000000000800b7e8                . = ALIGN (0x4)

.ARM.extab      0x000000000800b7d4        0x0
                0x000000000800b7d4                . = ALIGN (0x4)
 *(.ARM.extab* .gnu.linkonce.armextab.*)
                0x000000000800b7d4                . = ALIGN (0x4)

.ARM            0x000000000800b7d4        0x0
                0x000000000800b7d4                . = ALIGN (0x4)
                0x000000000800b7d4                __exidx_start = .
 *(.ARM.exidx*)
                0x000000000800b7d4                __exidx_end = .
                0x000000000800b7d4                . = ALIGN (0x4)

.preinit_array  0x000000000800b7d4        0x0
                0x000000000800b7d4                . = ALIGN (0x4)
                0x000000000800b7d4                PROVIDE (__preinit_array_start = .)
 *(.preinit_array*)
                0x000000000800b7d4                PROVIDE (__preinit_array_end = .)
                0x000000000800b7d4                . = ALIGN (0x4)

.init_array     0x000000000800b7d4        0x4
                0x000000000800b7d4                . = ALIGN (0x4)
                0x000000000800b7d4                PROVIDE (__init_array_start = .)
 *(SORT_BY_NAME(.init_array.*))
 *(.init_array*)
 .init_array    0x000000000800b7d4        0x4 D:/cubeide/STM32CubeIDE_1.14.1/STM32CubeIDE/plugins/com.st.stm32cube.ide.mcu.externaltools.gnu-tools-for-stm32.11.3.rel1.win32_1.1.100.202309141235/tools/bin/../lib/gcc/arm-none-eabi/11.3.1/thumb/v7-m/nofp/crtbegin.o
                0x000000000800b7d8                PROVIDE (__init_array_end = .)
                0x000000000800b7d8                . = ALIGN (0x4)

.fini_array     0x000000000800b7d8        0x4
                0x000000000800b7d8                . = ALIGN (0x4)
                [!provide]                        PROVIDE (__fini_array_start = .)
 *(SORT_BY_NAME(.fini_array.*))
 *(.fini_array*)
 .fini_array    0x000000000800b7d8        0x4 D:/cubeide/STM32CubeIDE_1.14.1/STM32CubeIDE/plugins/com.st.stm32cube.ide.mcu.externaltools.gnu-tools-for-stm32.11.3.rel1.win32_1.1.100.202309141235/tools/bin/../lib/gcc/arm-none-eabi/11.3.1/thumb/v7-m/nofp/crtbegin.o
                [!provide]                        PROVIDE (__fini_array_end = .)
                0x000000000800b7dc                . = ALIGN (0x4)
                0x000000000800b7dc                _sidata = LOADADDR (.data)

.rel.dyn        0x000000000800b7dc        0x0
 .rel.iplt      0x000000000800b7dc        0x0 D:/cubeide/STM32CubeIDE_1.14.1/STM32CubeIDE/plugins/com.st.stm32cube.ide.mcu.externaltools.gnu-tools-for-stm32.11.3.rel1.win32_1.1.100.202309141235/tools/bin/../lib/gcc/arm-none-eabi/11.3.1/thumb/v7-m/nofp/crtbegin.o

.data           0x0000000020000000      0x1e8 load address 0x000000000800b7dc
                0x0000000020000000                . = ALIGN (0x4)
                0x0000000020000000                _sdata = .
 *(.data)
 *(.data*)
 .data.DisplayMode
                0x0000000020000000        0x1 ./Core/Src/main.o
                0x0000000020000000                DisplayMode
 *fill*         0x0000000020000001        0x3 
 .data.wakeup_cmd
                0x0000000020000004        0x2 ./Core/Src/main.o
                0x0000000020000004                wakeup_cmd
 *fill*         0x0000000020000006        0x2 
 .data.measure_cmd
                0x0000000020000008        0x2 ./Core/Src/main.o
                0x0000000020000008                measure_cmd
 *fill*         0x000000002000000a        0x2 
 .data.sleep_cmd
                0x000000002000000c        0x2 ./Core/Src/main.o
                0x000000002000000c                sleep_cmd
 *fill*         0x000000002000000e        0x2 
 .data.SystemCoreClock
                0x0000000020000010        0x4 ./Core/Src/system_stm32f1xx.o
                0x0000000020000010                SystemCoreClock
 .data.uwTickPrio
                0x0000000020000014        0x4 ./Drivers/STM32F1xx_HAL_Driver/Src/stm32f1xx_hal.o
                0x0000000020000014                uwTickPrio
 .data.uwTickFreq
                0x0000000020000018        0x1 ./Drivers/STM32F1xx_HAL_Driver/Src/stm32f1xx_hal.o
                0x0000000020000018                uwTickFreq
 *fill*         0x0000000020000019        0x3 
 .data.uxCriticalNesting
                0x000000002000001c        0x4 ./Middlewares/Third_Party/FreeRTOS/Source/portable/GCC/ARM_CM3/port.o
 .data.__sglue  0x0000000020000020        0xc D:/cubeide/STM32CubeIDE_1.14.1/STM32CubeIDE/plugins/com.st.stm32cube.ide.mcu.externaltools.gnu-tools-for-stm32.11.3.rel1.win32_1.1.100.202309141235/tools/bin/../lib/gcc/arm-none-eabi/11.3.1/../../../../arm-none-eabi/lib/thumb/v7-m/nofp\libc_nano.a(libc_a-findfp.o)
                0x0000000020000020                __sglue
 .data._impure_data
                0x000000002000002c       0x4c D:/cubeide/STM32CubeIDE_1.14.1/STM32CubeIDE/plugins/com.st.stm32cube.ide.mcu.externaltools.gnu-tools-for-stm32.11.3.rel1.win32_1.1.100.202309141235/tools/bin/../lib/gcc/arm-none-eabi/11.3.1/../../../../arm-none-eabi/lib/thumb/v7-m/nofp\libc_nano.a(libc_a-impure.o)
                0x000000002000002c                _impure_data
 .data._impure_ptr
                0x0000000020000078        0x4 D:/cubeide/STM32CubeIDE_1.14.1/STM32CubeIDE/plugins/com.st.stm32cube.ide.mcu.externaltools.gnu-tools-for-stm32.11.3.rel1.win32_1.1.100.202309141235/tools/bin/../lib/gcc/arm-none-eabi/11.3.1/../../../../arm-none-eabi/lib/thumb/v7-m/nofp\libc_nano.a(libc_a-impure.o)
                0x0000000020000078                _impure_ptr
 .data.__global_locale