../Core/Src/main.c:89:13:HAL_UART_RxCpltCallback	16	static
../Core/Src/main.c:119:5:main	16	static
../Core/Src/main.c:174:6:SystemClock_Config	72	static
../Core/Src/main.c:209:13:MX_I2C1_Init	8	static
../Core/Src/main.c:226:13:MX_I2C2_Init	8	static
../Core/Src/main.c:243:13:MX_USART1_UART_Init	8	static
../Core/Src/main.c:259:13:MX_GPIO_Init	24	static
../Core/Src/main.c:267:6:measure_task	32	static
../Core/Src/main.c:296:6:write_clcd_task	56	static
../Core/Src/main.c:335:6:send_uart_task	96	static
../Core/Src/main.c:358:6:HAL_TIM_PeriodElapsedCallback	16	static
../Core/Src/main.c:365:6:Error_Handler	4	static,ignoring_inline_asm
