../Core/Src/main.c:116:13:HAL_UART_RxCpltCallback	16	static
../Core/Src/main.c:150:5:main	16	static
../Core/Src/main.c:246:6:SystemClock_Config	72	static
../Core/Src/main.c:286:13:MX_I2C1_Init	8	static
../Core/Src/main.c:320:13:MX_I2C2_Init	8	static
../Core/Src/main.c:353:13:MX_USART1_UART_Init	8	static
../Core/Src/main.c:386:13:MX_GPIO_Init	24	static
../Core/Src/main.c:411:6:measure_task	32	static
../Core/Src/main.c:449:6:write_clcd_task	56	static
../Core/Src/main.c:495:6:send_uart_task	96	static
../Core/Src/main.c:526:6:HAL_TIM_PeriodElapsedCallback	16	static
../Core/Src/main.c:542:6:Error_Handler	4	static,ignoring_inline_asm
