../Core/Src/main.c:116:13:HAL_UART_RxCpltCallback	16	static
../Core/Src/main.c:159:5:main	16	static
../Core/Src/main.c:255:6:SystemClock_Config	72	static
../Core/Src/main.c:295:13:MX_I2C1_Init	8	static
../Core/Src/main.c:329:13:MX_I2C2_Init	8	static
../Core/Src/main.c:362:13:MX_USART1_UART_Init	8	static
../Core/Src/main.c:395:13:MX_GPIO_Init	24	static
../Core/Src/main.c:420:6:measure_task	32	static
../Core/Src/main.c:461:6:write_clcd_task	64	static
../Core/Src/main.c:510:6:send_uart_task	104	static
../Core/Src/main.c:544:6:HAL_TIM_PeriodElapsedCallback	16	static
../Core/Src/main.c:560:6:Error_Handler	4	static,ignoring_inline_asm
